Component: ARM Compiler 5.06 update 1 (build 61) Tool: armlink [4d35a8]

==============================================================================

Section Cross References

    startup_stm32f10x_md.o(STACK) refers (Special) to heapauxi.o(.text) for __use_two_region_memory
    startup_stm32f10x_md.o(HEAP) refers (Special) to heapauxi.o(.text) for __use_two_region_memory
    startup_stm32f10x_md.o(RESET) refers (Special) to heapauxi.o(.text) for __use_two_region_memory
    startup_stm32f10x_md.o(RESET) refers to startup_stm32f10x_md.o(STACK) for __initial_sp
    startup_stm32f10x_md.o(RESET) refers to startup_stm32f10x_md.o(.text) for Reset_Handler
    startup_stm32f10x_md.o(RESET) refers to stm32f10x_it.o(.text) for NMI_Handler
    startup_stm32f10x_md.o(.text) refers (Special) to heapauxi.o(.text) for __use_two_region_memory
    startup_stm32f10x_md.o(.text) refers to __main.o(!!!main) for __main
    startup_stm32f10x_md.o(.text) refers to startup_stm32f10x_md.o(HEAP) for Heap_Mem
    startup_stm32f10x_md.o(.text) refers to startup_stm32f10x_md.o(STACK) for Stack_Mem
    main.o(.text) refers to _printf_pad.o(.text) for _printf_pre_padding
    main.o(.text) refers to _printf_percent.o(.ARM.Collect$$_printf_percent$$00000000) for _printf_percent
    main.o(.text) refers to _printf_f.o(.ARM.Collect$$_printf_percent$$00000003) for _printf_f
    main.o(.text) refers to printf1.o(x$fpl$printf1) for _printf_fp_dec
    main.o(.text) refers to stm32f10x_gpio.o(.text) for GPIO_ResetBits
    main.o(.text) refers to __2sprintf.o(.text) for __2sprintf
    main.o(.text) refers to usart1.o(.text) for Serial1_PutString
    main.o(.text) refers to config.o(.text) for lcd_write_control
    main.o(.text) refers to system_stm32f10x.o(.text) for SystemInit
    main.o(.text) refers to e_mon.o(.text) for voltage
    main.o(.text) refers to config.o(.data) for millis
    main.o(.text) refers to e_mon.o(.data) for Vrms
    stm32f10x_it.o(.text) refers to config.o(.data) for millis
    usart1.o(.text) refers to stm32f10x_rcc.o(.text) for RCC_APB2PeriphClockCmd
    usart1.o(.text) refers to stm32f10x_gpio.o(.text) for GPIO_Init
    usart1.o(.text) refers to stm32f10x_usart.o(.text) for USART_Init
    config.o(.text) refers to stm32f10x_rcc.o(.text) for RCC_GetClocksFreq
    config.o(.text) refers to stm32f10x_gpio.o(.text) for GPIO_Init
    config.o(.text) refers to stm32f10x_adc.o(.text) for ADC_Init
    config.o(.text) refers to config.o(.bss) for RCC_ClockFreq
    config.o(.text) refers to config.o(.data) for millis
    config.o(.text) refers to system_stm32f10x.o(.constdata) for SystemFrequency
    e_mon.o(.text) refers to stm32f10x_adc.o(.text) for ADC_RegularChannelConfig
    e_mon.o(.text) refers to dflt_clz.o(x$fpl$dflt) for __aeabi_i2d
    e_mon.o(.text) refers to dleqf.o(x$fpl$dleqf) for __aeabi_cdcmple
    e_mon.o(.text) refers to drleqf.o(x$fpl$drleqf) for __aeabi_cdrcmple
    e_mon.o(.text) refers to daddsub_clz.o(x$fpl$dsub) for __aeabi_dsub
    e_mon.o(.text) refers to ddiv.o(x$fpl$ddiv) for __aeabi_ddiv
    e_mon.o(.text) refers to daddsub_clz.o(x$fpl$dadd) for __aeabi_dadd
    e_mon.o(.text) refers to fflt_clz.o(x$fpl$fflt) for __aeabi_i2f
    e_mon.o(.text) refers to f2d.o(x$fpl$f2d) for __aeabi_f2d
    e_mon.o(.text) refers to dmul.o(x$fpl$dmul) for __aeabi_dmul
    e_mon.o(.text) refers to dflt_clz.o(x$fpl$dfltu) for __aeabi_ui2d
    e_mon.o(.text) refers to sqrt.o(i.sqrt) for sqrt
    e_mon.o(.text) refers to e_mon.o(.data) for inPinV
    e_mon.o(.text) refers to config.o(.data) for millis
    stm32f10x_adc.o(.text) refers to stm32f10x_rcc.o(.text) for RCC_APB2PeriphResetCmd
    stm32f10x_gpio.o(.text) refers to stm32f10x_rcc.o(.text) for RCC_APB2PeriphResetCmd
    stm32f10x_i2c.o(.text) refers to stm32f10x_rcc.o(.text) for RCC_APB1PeriphResetCmd
    stm32f10x_rcc.o(.text) refers to stm32f10x_rcc.o(.data) for APBAHBPrescTable
    stm32f10x_spi.o(.text) refers to stm32f10x_rcc.o(.text) for RCC_APB2PeriphResetCmd
    stm32f10x_usart.o(.text) refers to stm32f10x_rcc.o(.text) for RCC_APB2PeriphResetCmd
    __2sprintf.o(.text) refers to _printf_char_common.o(.text) for _printf_char_common
    __2sprintf.o(.text) refers to _sputc.o(.text) for _sputc
    noretval__2sprintf.o(.text) refers to _printf_char_common.o(.text) for _printf_char_common
    noretval__2sprintf.o(.text) refers to _sputc.o(.text) for _sputc
    __printf.o(.text) refers to _printf_percent.o(.ARM.Collect$$_printf_percent$$00000000) for _printf_percent
    __printf_flags.o(.text) refers to _printf_percent.o(.ARM.Collect$$_printf_percent$$00000000) for _printf_percent
    __printf_flags.o(.text) refers to __printf_flags.o(.constdata) for .constdata
    __printf_ss.o(.text) refers to _printf_percent.o(.ARM.Collect$$_printf_percent$$00000000) for _printf_percent
    __printf_flags_ss.o(.text) refers to _printf_percent.o(.ARM.Collect$$_printf_percent$$00000000) for _printf_percent
[...]
    rtexit.o(.ARM.exidx) refers to rtexit.o(.ARM.Collect$$rtexit$$00000000) for .ARM.Collect$$rtexit$$00000000
    argv_veneer.o(.emb_text) refers to no_argv.o(.text) for __ARM_get_argv
    rtexit2.o(.ARM.Collect$$rtexit$$00000003) refers to libshutdown.o(.ARM.Collect$$libshutdown$$00000000) for __rt_lib_shutdown
    rtexit2.o(.ARM.Collect$$rtexit$$00000004) refers to sys_exit.o(.text) for _sys_exit
    rtexit2.o(.ARM.exidx) refers to rtexit2.o(.ARM.Collect$$rtexit$$00000001) for .ARM.Collect$$rtexit$$00000001
    rtexit2.o(.ARM.exidx) refers to rtexit2.o(.ARM.Collect$$rtexit$$00000003) for .ARM.Collect$$rtexit$$00000003
    rtexit2.o(.ARM.exidx) refers to rtexit2.o(.ARM.Collect$$rtexit$$00000004) for .ARM.Collect$$rtexit$$00000004
    _get_argv_nomalloc.o(.text) refers (Special) to hrguard.o(.text) for __heap_region$guard
    _get_argv_nomalloc.o(.text) refers to defsig_rtmem_outer.o(.text) for __rt_SIGRTMEM
    _get_argv_nomalloc.o(.text) refers to sys_command.o(.text) for _sys_command_string
    sys_command.o(.text) refers (Special) to use_no_semi.o(.text) for __I$use$semihosting
    sys_command.o(.text) refers (Special) to indicate_semi.o(.text) for __semihosting_library_function
    sys_exit.o(.text) refers (Special) to use_no_semi.o(.text) for __I$use$semihosting
    sys_exit.o(.text) refers (Special) to indicate_semi.o(.text) for __semihosting_library_function
    defsig_rtmem_outer.o(.text) refers to defsig_rtmem_inner.o(.text) for __rt_SIGRTMEM_inner
    defsig_rtmem_outer.o(.text) refers to defsig_exit.o(.text) for __sig_exit
    defsig_rtmem_formal.o(.text) refers to rt_raise.o(.text) for __rt_raise
    libshutdown.o(.ARM.Collect$$libshutdown$$00000000) refers (Special) to libshutdown2.o(.ARM.Collect$$libshutdown$$00000002) for __rt_lib_shutdown_cpp_1
    libshutdown.o(.ARM.Collect$$libshutdown$$00000000) refers (Special) to libshutdown2.o(.ARM.Collect$$libshutdown$$00000007) for __rt_lib_shutdown_fp_trap_1
    libshutdown.o(.ARM.Collect$$libshutdown$$00000000) refers (Special) to libshutdown2.o(.ARM.Collect$$libshutdown$$0000000F) for __rt_lib_shutdown_heap_1
    libshutdown.o(.ARM.Collect$$libshutdown$$00000000) refers (Special) to libshutdown2.o(.ARM.Collect$$libshutdown$$00000010) for __rt_lib_shutdown_return
    libshutdown.o(.ARM.Collect$$libshutdown$$00000000) refers (Special) to libshutdown2.o(.ARM.Collect$$libshutdown$$0000000A) for __rt_lib_shutdown_signal_1
    libshutdown.o(.ARM.Collect$$libshutdown$$00000000) refers (Special) to libshutdown2.o(.ARM.Collect$$libshutdown$$00000004) for __rt_lib_shutdown_stdio_1
    libshutdown.o(.ARM.Collect$$libshutdown$$00000000) refers (Special) to libshutdown2.o(.ARM.Collect$$libshutdown$$0000000C) for __rt_lib_shutdown_user_alloc_1
    rt_raise.o(.text) refers to __raise.o(.text) for __raise
    rt_raise.o(.text) refers to sys_exit.o(.text) for _sys_exit
    defsig_exit.o(.text) refers to sys_exit.o(.text) for _sys_exit
    defsig_rtmem_inner.o(.text) refers to defsig_general.o(.text) for __default_signal_display
    __raise.o(.text) refers to defsig.o(CL$$defsig) for __default_signal_handler
    defsig_general.o(.text) refers to sys_wrch.o(.text) for _ttywrch
    sys_wrch.o(.text) refers (Special) to use_no_semi.o(.text) for __I$use$semihosting
    sys_wrch.o(.text) refers (Special) to indicate_semi.o(.text) for __semihosting_library_function
    defsig.o(CL$$defsig) refers to defsig_rtmem_inner.o(.text) for __rt_SIGRTMEM_inner
    defsig_abrt_inner.o(.text) refers to defsig_general.o(.text) for __default_signal_display
    defsig_fpe_inner.o(.text) refers to defsig_general.o(.text) for __default_signal_display
    defsig_rtred_inner.o(.text) refers to defsig_general.o(.text) for __default_signal_display
    defsig_stak_inner.o(.text) refers to defsig_general.o(.text) for __default_signal_display
    defsig_pvfn_inner.o(.text) refers to defsig_general.o(.text) for __default_signal_display
    defsig_cppl_inner.o(.text) refers to defsig_general.o(.text) for __default_signal_display
    defsig_segv_inner.o(.text) refers to defsig_general.o(.text) for __default_signal_display
    defsig_other.o(.text) refers to defsig_general.o(.text) for __default_signal_display


==============================================================================

Removing Unused input sections from the image.

    Removing config.o(.constdata), (8 bytes).
    Removing core_cm3.o(.emb_text), (32 bytes).
    Removing stm32f10x_dma.o(.text), (576 bytes).
    Removing stm32f10x_i2c.o(.text), (996 bytes).
    Removing stm32f10x_spi.o(.text), (768 bytes).

5 unused section(s) (total 2380 bytes) removed from the image.

==============================================================================

Image Symbol Table

    Local Symbols

    Symbol Name                              Value     Ov Type        Size  Object(Section)

    ../clib/angel/boardlib.s                 0x00000000   Number         0  boardshut.o ABSOLUTE
    ../clib/angel/boardlib.s                 0x00000000   Number         0  boardinit1.o ABSOLUTE
    ../clib/angel/boardlib.s                 0x00000000   Number         0  boardinit2.o ABSOLUTE
    ../clib/angel/boardlib.s                 0x00000000   Number         0  boardinit3.o ABSOLUTE
    ../clib/angel/dczerorl2.s                0x00000000   Number         0  __dczerorl2.o ABSOLUTE
    ../clib/angel/handlers.s                 0x00000000   Number         0  __scatter_zi.o ABSOLUTE
    ../clib/angel/kernel.s                   0x00000000   Number         0  __rtentry4.o ABSOLUTE
    ../clib/angel/kernel.s                   0x00000000   Number         0  __rtentry2.o ABSOLUTE
    ../clib/angel/kernel.s                   0x00000000   Number         0  __rtentry.o ABSOLUTE
    ../clib/angel/kernel.s                   0x00000000   Number         0  rtexit2.o ABSOLUTE
    ../clib/angel/kernel.s                   0x00000000   Number         0  rtexit.o ABSOLUTE
    ../clib/angel/rt.s                       0x00000000   Number         0  rt_errno_addr_intlibspace.o ABSOLUTE
    ../clib/angel/rt.s                       0x00000000   Number         0  rt_errno_addr.o ABSOLUTE
    ../clib/angel/rt.s                       0x00000000   Number         0  rt_locale_intlibspace.o ABSOLUTE
    ../clib/angel/rt.s                       0x00000000   Number         0  rt_locale.o ABSOLUTE
    ../clib/angel/rt.s                       0x00000000   Number         0  rt_raise.o ABSOLUTE
    ../clib/angel/scatter.s                  0x00000000   Number         0  __scatter.o ABSOLUTE
    ../clib/angel/startup.s                  0x00000000   Number         0  __main.o ABSOLUTE
    ../clib/angel/sys.s                      0x00000000   Number         0  indicate_semi.o ABSOLUTE
    ../clib/angel/sys.s                      0x00000000   Number         0  sys_stackheap_outer.o ABSOLUTE
    ../clib/angel/sys.s                      0x00000000   Number         0  libspace.o ABSOLUTE
    ../clib/angel/sys.s                      0x00000000   Number         0  use_no_semi.o ABSOLUTE
    ../clib/angel/sysapp.c                   0x00000000   Number         0  sys_exit.o ABSOLUTE
    ../clib/angel/sysapp.c                   0x00000000   Number         0  sys_wrch.o ABSOLUTE
    ../clib/angel/sysapp.c                   0x00000000   Number         0  sys_command.o ABSOLUTE
    ../clib/armsys.c                         0x00000000   Number         0  argv_veneer.o ABSOLUTE
    ../clib/armsys.c                         0x00000000   Number         0  argv_veneer.o ABSOLUTE
    ../clib/armsys.c                         0x00000000   Number         0  _get_argv_nomalloc.o ABSOLUTE
    ../clib/armsys.c                         0x00000000   Number         0  no_argv.o ABSOLUTE
    ../clib/bigflt.c                         0x00000000   Number         0  bigflt0.o ABSOLUTE
    ../clib/btod.s                           0x00000000   Number         0  btod.o ABSOLUTE
    ../clib/fenv.c                           0x00000000   Number         0  _rserrno.o ABSOLUTE
    ../clib/heapalloc.c                      0x00000000   Number         0  hrguard.o ABSOLUTE
    ../clib/heapaux.c                        0x00000000   Number         0  heapauxi.o ABSOLUTE
    ../clib/libinit.s                        0x00000000   Number         0  libshutdown2.o ABSOLUTE
    ../clib/libinit.s                        0x00000000   Number         0  libshutdown.o ABSOLUTE
    ../clib/libinit.s                        0x00000000   Number         0  libinit.o ABSOLUTE
    ../clib/libinit.s                        0x00000000   Number         0  libinit2.o ABSOLUTE
    ../clib/locale.s                         0x00000000   Number         0  lc_numeric_c.o ABSOLUTE
    ../clib/longlong.s                       0x00000000   Number         0  lludiv10.o ABSOLUTE
    ../clib/memcpset.s                       0x00000000   Number         0  strcmpv7m.o ABSOLUTE
    ../clib/misc.s                           0x00000000   Number         0  printf_stubs.o ABSOLUTE
    ../clib/printf.c                         0x00000000   Number         0  __printf_nopercent.o ABSOLUTE
    ../clib/printf.c                         0x00000000   Number         0  __printf_ss_wp.o ABSOLUTE
    ../clib/printf.c                         0x00000000   Number         0  _printf_fp_infnan.o ABSOLUTE
    ../clib/printf.c                         0x00000000   Number         0  __2sprintf.o ABSOLUTE
    ../clib/printf.c                         0x00000000   Number         0  __printf_flags_ss_wp.o ABSOLUTE
    ../clib/printf.c                         0x00000000   Number         0  _printf_fp_dec.o ABSOLUTE
    ../clib/printf.c                         0x00000000   Number         0  _printf_char_common.o ABSOLUTE
    ../clib/printf.c                         0x00000000   Number         0  _sputc.o ABSOLUTE
    ../clib/printf.c                         0x00000000   Number         0  noretval__2sprintf.o ABSOLUTE
    ../clib/printf.c                         0x00000000   Number         0  __printf.o ABSOLUTE
    ../clib/printf.c                         0x00000000   Number         0  _printf_pad.o ABSOLUTE
    ../clib/printf.c                         0x00000000   Number         0  __printf_flags.o ABSOLUTE
    ../clib/printf.c                         0x00000000   Number         0  __printf_ss.o ABSOLUTE
    ../clib/printf.c                         0x00000000   Number         0  __printf_flags_ss.o ABSOLUTE
    ../clib/printf.c                         0x00000000   Number         0  __printf_wp.o ABSOLUTE
    ../clib/printf.c                         0x00000000   Number         0  __printf_flags_wp.o ABSOLUTE
    ../clib/printf_percent.s                 0x00000000   Number         0  _printf_percent_end.o ABSOLUTE
    ../clib/printf_percent.s                 0x00000000   Number         0  _printf_percent.o ABSOLUTE
    ../clib/printf_percent.s                 0x00000000   Number         0  _printf_f.o ABSOLUTE
    ../clib/signal.c                         0x00000000   Number         0  defsig_other.o ABSOLUTE
    ../clib/signal.c                         0x00000000   Number         0  defsig_rtmem_inner.o ABSOLUTE
    ../clib/signal.c                         0x00000000   Number         0  __raise.o ABSOLUTE
    ../clib/signal.c                         0x00000000   Number         0  defsig_exit.o ABSOLUTE
    ../clib/signal.c                         0x00000000   Number         0  defsig_rtmem_formal.o ABSOLUTE
    ../clib/signal.c                         0x00000000   Number         0  defsig_rtmem_outer.o ABSOLUTE
    ../clib/signal.c                         0x00000000   Number         0  defsig_segv_inner.o ABSOLUTE
    ../clib/signal.c                         0x00000000   Number         0  defsig_general.o ABSOLUTE
    ../clib/signal.c                         0x00000000   Number         0  defsig_abrt_inner.o ABSOLUTE
    ../clib/signal.c                         0x00000000   Number         0  defsig_cppl_inner.o ABSOLUTE
    ../clib/signal.c                         0x00000000   Number         0  defsig_stak_inner.o ABSOLUTE
    ../clib/signal.c                         0x00000000   Number         0  defsig_pvfn_inner.o ABSOLUTE
    ../clib/signal.c                         0x00000000   Number         0  defsig_fpe_inner.o ABSOLUTE
    ../clib/signal.c                         0x00000000   Number         0  defsig_rtred_inner.o ABSOLUTE
    ../clib/signal.s                         0x00000000   Number         0  defsig.o ABSOLUTE
    ../clib/stdlib.c                         0x00000000   Number         0  exit.o ABSOLUTE
    ../fplib/daddsub.s                       0x00000000   Number         0  daddsub_clz.o ABSOLUTE
    ../fplib/dcmpi.s                         0x00000000   Number         0  dcmpi.o ABSOLUTE
    ../fplib/ddiv.s                          0x00000000   Number         0  ddiv.o ABSOLUTE
    ../fplib/dflt.s                          0x00000000   Number         0  dflt_clz.o ABSOLUTE
    ../fplib/dleqf.s                         0x00000000   Number         0  dleqf.o ABSOLUTE
    ../fplib/dmul.s                          0x00000000   Number         0  dmul.o ABSOLUTE
    ../fplib/dnaninf.s                       0x00000000   Number         0  dnaninf.o ABSOLUTE
    ../fplib/dretinf.s                       0x00000000   Number         0  dretinf.o ABSOLUTE
    ../fplib/drleqf.s                        0x00000000   Number         0  drleqf.o ABSOLUTE
    ../fplib/dsqrt.s                         0x00000000   Number         0  dsqrt_noumaal.o ABSOLUTE
    ../fplib/f2d.s                           0x00000000   Number         0  f2d.o ABSOLUTE
    ../fplib/fflt.s                          0x00000000   Number         0  fflt_clz.o ABSOLUTE
    ../fplib/fnaninf.s                       0x00000000   Number         0  fnaninf.o ABSOLUTE
    ../fplib/fpinit.s                        0x00000000   Number         0  fpinit.o ABSOLUTE
    ../fplib/istatus.s                       0x00000000   Number         0  istatus.o ABSOLUTE
    ../fplib/printf1.s                       0x00000000   Number         0  printf1.o ABSOLUTE
    ../fplib/usenofp.s                       0x00000000   Number         0  usenofp.o ABSOLUTE
    ../mathlib/fpclassify.c                  0x00000000   Number         0  fpclassify.o ABSOLUTE
    ../mathlib/sqrt.c                        0x00000000   Number         0  sqrt.o ABSOLUTE
    ../mathlib/sqrt.c                        0x00000000   Number         0  sqrt_x.o ABSOLUTE
    ..\STM32Lib\StartUp\startup_stm32f10x_md.s 0x00000000   Number         0  startup_stm32f10x_md.o ABSOLUTE
    ..\STM32Lib\core_cm3.c                   0x00000000   Number         0  core_cm3.o ABSOLUTE
    ..\STM32Lib\stm32f10x_adc.c              0x00000000   Number         0  stm32f10x_adc.o ABSOLUTE
    ..\STM32Lib\stm32f10x_dma.c              0x00000000   Number         0  stm32f10x_dma.o ABSOLUTE
    ..\STM32Lib\stm32f10x_gpio.c             0x00000000   Number         0  stm32f10x_gpio.o ABSOLUTE
    ..\STM32Lib\stm32f10x_i2c.c              0x00000000   Number         0  stm32f10x_i2c.o ABSOLUTE
    ..\STM32Lib\stm32f10x_rcc.c              0x00000000   Number         0  stm32f10x_rcc.o ABSOLUTE
    ..\STM32Lib\stm32f10x_spi.c              0x00000000   Number         0  stm32f10x_spi.o ABSOLUTE
    ..\STM32Lib\stm32f10x_usart.c            0x00000000   Number         0  stm32f10x_usart.o ABSOLUTE
    ..\STM32Lib\system_stm32f10x.c           0x00000000   Number         0  system_stm32f10x.o ABSOLUTE
    ..\USER\E_MON.c                          0x00000000   Number         0  e_mon.o ABSOLUTE
    ..\USER\config.c                         0x00000000   Number         0  config.o ABSOLUTE
    ..\USER\main.c                           0x00000000   Number         0  main.o ABSOLUTE
    ..\USER\stm32f10x_it.c                   0x00000000   Number         0  stm32f10x_it.o ABSOLUTE
    ..\USER\usart1.c                         0x00000000   Number         0  usart1.o ABSOLUTE
    ..\\STM32Lib\\core_cm3.c                 0x00000000   Number         0  core_cm3.o ABSOLUTE
    dc.s                                     0x00000000   Number         0  dc.o ABSOLUTE
    RESET                                    0x08000000   Section      236  startup_stm32f10x_md.o(RESET)
    !!!main                                  0x080000ec   Section        8  __main.o(!!!main)
    !!!scatter                               0x080000f4   Section       52  __scatter.o(!!!scatter)
    !!dczerorl2                              0x08000128   Section       90  __dczerorl2.o(!!dczerorl2)
    !!handler_zi                             0x08000184   Section       28  __scatter_zi.o(!!handler_zi)
    .ARM.Collect$$_printf_percent$$00000000  0x080001a0   Section        0  _printf_percent.o(.ARM.Collect$$_printf_percent$$00000000)
    .ARM.Collect$$_printf_percent$$00000003  0x080001a0   Section        6  _printf_f.o(.ARM.Collect$$_printf_percent$$00000003)
    .ARM.Collect$$_printf_percent$$00000017  0x080001a6   Section        4  _printf_percent_end.o(.ARM.Collect$$_printf_percent$$00000017)
    .ARM.Collect$$libinit$$00000000          0x080001aa   Section        2  libinit.o(.ARM.Collect$$libinit$$00000000)
    .ARM.Collect$$libinit$$00000002          0x080001ac   Section        0  libinit2.o(.ARM.Collect$$libinit$$00000002)
    .ARM.Collect$$libinit$$00000004          0x080001ac   Section        0  libinit2.o(.ARM.Collect$$libinit$$00000004)
    .ARM.Collect$$libinit$$0000000A          0x080001ac   Section        0  libinit2.o(.ARM.Collect$$libinit$$0000000A)
    .ARM.Collect$$libinit$$0000000C          0x080001ac   Section        0  libinit2.o(.ARM.Collect$$libinit$$0000000C)
    .ARM.Collect$$libinit$$0000000E          0x080001ac   Section        0  libinit2.o(.ARM.Collect$$libinit$$0000000E)
    .ARM.Collect$$libinit$$0000000F          0x080001ac   Section        6  libinit2.o(.ARM.Collect$$libinit$$0000000F)
    .ARM.Collect$$libinit$$00000011          0x080001b2   Section        0  libinit2.o(.ARM.Collect$$libinit$$00000011)
    .ARM.Collect$$libinit$$00000013          0x080001b2   Section        0  libinit2.o(.ARM.Collect$$libinit$$00000013)
    .ARM.Collect$$libinit$$00000015          0x080001b2   Section        0  libinit2.o(.ARM.Collect$$libinit$$00000015)
    .ARM.Collect$$libinit$$00000016          0x080001b2   Section       10  libinit2.o(.ARM.Collect$$libinit$$00000016)
    .ARM.Collect$$libinit$$00000017          0x080001bc   Section        0  libinit2.o(.ARM.Collect$$libinit$$00000017)
    .ARM.Collect$$libinit$$00000019          0x080001bc   Section        0  libinit2.o(.ARM.Collect$$libinit$$00000019)
    .ARM.Collect$$libinit$$0000001B          0x080001bc   Section        0  libinit2.o(.ARM.Collect$$libinit$$0000001B)
    .ARM.Collect$$libinit$$0000001D          0x080001bc   Section        0  libinit2.o(.ARM.Collect$$libinit$$0000001D)
    .ARM.Collect$$libinit$$0000001F          0x080001bc   Section        0  libinit2.o(.ARM.Collect$$libinit$$0000001F)
    .ARM.Collect$$libinit$$00000021          0x080001bc   Section        0  libinit2.o(.ARM.Collect$$libinit$$00000021)
    .ARM.Collect$$libinit$$00000023          0x080001bc   Section        0  libinit2.o(.ARM.Collect$$libinit$$00000023)
    .ARM.Collect$$libinit$$00000025          0x080001bc   Section        0  libinit2.o(.ARM.Collect$$libinit$$00000025)
    .ARM.Collect$$libinit$$0000002C          0x080001bc   Section        0  libinit2.o(.ARM.Collect$$libinit$$0000002C)
    .ARM.Collect$$libinit$$0000002E          0x080001bc   Section        0  libinit2.o(.ARM.Collect$$libinit$$0000002E)
    .ARM.Collect$$libinit$$00000030          0x080001bc   Section        0  libinit2.o(.ARM.Collect$$libinit$$00000030)
    .ARM.Collect$$libinit$$00000032          0x080001bc   Section        0  libinit2.o(.ARM.Collect$$libinit$$00000032)
    .ARM.Collect$$libinit$$00000033          0x080001bc   Section        2  libinit2.o(.ARM.Collect$$libinit$$00000033)
    .ARM.Collect$$libshutdown$$00000000      0x080001be   Section        2  libshutdown.o(.ARM.Collect$$libshutdown$$00000000)
    .ARM.Collect$$libshutdown$$00000002      0x080001c0   Section        0  libshutdown2.o(.ARM.Collect$$libshutdown$$00000002)
    .ARM.Collect$$libshutdown$$00000004      0x080001c0   Section        0  libshutdown2.o(.ARM.Collect$$libshutdown$$00000004)
    .ARM.Collect$$libshutdown$$00000007      0x080001c0   Section        0  libshutdown2.o(.ARM.Collect$$libshutdown$$00000007)
    .ARM.Collect$$libshutdown$$0000000A      0x080001c0   Section        0  libshutdown2.o(.ARM.Collect$$libshutdown$$0000000A)
    .ARM.Collect$$libshutdown$$0000000C      0x080001c0   Section        0  libshutdown2.o(.ARM.Collect$$libshutdown$$0000000C)
    .ARM.Collect$$libshutdown$$0000000F      0x080001c0   Section        0  libshutdown2.o(.ARM.Collect$$libshutdown$$0000000F)
    .ARM.Collect$$libshutdown$$00000010      0x080001c0   Section        2  libshutdown2.o(.ARM.Collect$$libshutdown$$00000010)
    .ARM.Collect$$rtentry$$00000000          0x080001c2   Section        0  __rtentry.o(.ARM.Collect$$rtentry$$00000000)
    .ARM.Collect$$rtentry$$00000002          0x080001c2   Section        0  __rtentry2.o(.ARM.Collect$$rtentry$$00000002)
    .ARM.Collect$$rtentry$$00000004          0x080001c2   Section        6  __rtentry4.o(.ARM.Collect$$rtentry$$00000004)
    .ARM.Collect$$rtentry$$00000009          0x080001c8   Section        0  __rtentry2.o(.ARM.Collect$$rtentry$$00000009)
    .ARM.Collect$$rtentry$$0000000A          0x080001c8   Section        4  __rtentry2.o(.ARM.Collect$$rtentry$$0000000A)
    .ARM.Collect$$rtentry$$0000000C          0x080001cc   Section        0  __rtentry2.o(.ARM.Collect$$rtentry$$0000000C)
    .ARM.Collect$$rtentry$$0000000D          0x080001cc   Section        8  __rtentry2.o(.ARM.Collect$$rtentry$$0000000D)
    .ARM.Collect$$rtexit$$00000000           0x080001d4   Section        2  rtexit.o(.ARM.Collect$$rtexit$$00000000)
    .ARM.Collect$$rtexit$$00000002           0x080001d6   Section        0  rtexit2.o(.ARM.Collect$$rtexit$$00000002)
    .ARM.Collect$$rtexit$$00000003           0x080001d6   Section        4  rtexit2.o(.ARM.Collect$$rtexit$$00000003)
    .ARM.Collect$$rtexit$$00000004           0x080001da   Section        6  rtexit2.o(.ARM.Collect$$rtexit$$00000004)
    .text                                    0x080001e0   Section       52  startup_stm32f10x_md.o(.text)
    .text                                    0x08000214   Section        0  main.o(.text)
    .text                                    0x080004b4   Section        0  stm32f10x_it.o(.text)
    .text                                    0x080004f4   Section        0  usart1.o(.text)
    itoa                                     0x080005ff   Thumb Code    98  usart1.o(.text)
    .text                                    0x080007d8   Section        0  config.o(.text)
    ADC_Mode_Config                          0x08000863   Thumb Code   132  config.o(.text)
    .text                                    0x08000cd0   Section        0  e_mon.o(.text)
    .text                                    0x08001440   Section        0  system_stm32f10x.o(.text)
    SetSysClockTo72                          0x08001441   Thumb Code   220  system_stm32f10x.o(.text)
    SetSysClock                              0x0800151d   Thumb Code     8  system_stm32f10x.o(.text)
    .text                                    0x08001578   Section        0  stm32f10x_adc.o(.text)
    .text                                    0x080019a8   Section        0  stm32f10x_gpio.o(.text)
    .text                                    0x08001cd8   Section        0  stm32f10x_rcc.o(.text)
    .text                                    0x08002078   Section        0  stm32f10x_usart.o(.text)
    .text                                    0x080023e8   Section        0  __2sprintf.o(.text)
    .text                                    0x08002414   Section        0  _printf_pad.o(.text)
    .text                                    0x08002462   Section        0  __printf_wp.o(.text)
    .text                                    0x08002570   Section        0  heapauxi.o(.text)
    .text                                    0x08002576   Section        0  _rserrno.o(.text)
    .text                                    0x0800258c   Section        0  _printf_fp_dec.o(.text)
    _fp_digits                               0x0800258f   Thumb Code   428  _printf_fp_dec.o(.text)
    .text                                    0x080029a8   Section        0  _printf_char_common.o(.text)
    _printf_input_char                       0x080029a9   Thumb Code    10  _printf_char_common.o(.text)
    .text                                    0x080029d8   Section        0  _sputc.o(.text)
    .text                                    0x080029e4   Section        8  rt_locale_intlibspace.o(.text)
    .text                                    0x080029ec   Section        8  rt_errno_addr_intlibspace.o(.text)
    .text                                    0x080029f4   Section      138  lludiv10.o(.text)
    .text                                    0x08002a80   Section        0  _printf_fp_infnan.o(.text)
    .text                                    0x08002b00   Section        0  bigflt0.o(.text)
    .text                                    0x08002bdc   Section        8  libspace.o(.text)
    .text                                    0x08002be4   Section       74  sys_stackheap_outer.o(.text)
    .text                                    0x08002c2e   Section        0  exit.o(.text)
    .text                                    0x08002c40   Section      128  strcmpv7m.o(.text)
    .text                                    0x08002cc0   Section        0  sys_exit.o(.text)
    .text                                    0x08002ccc   Section        2  use_no_semi.o(.text)
    .text                                    0x08002cce   Section        0  indicate_semi.o(.text)
    CL$$btod_d2e                             0x08002cce   Section       62  btod.o(CL$$btod_d2e)
    CL$$btod_d2e_denorm_low                  0x08002d0c   Section       70  btod.o(CL$$btod_d2e_denorm_low)
    CL$$btod_d2e_norm_op1                    0x08002d52   Section       96  btod.o(CL$$btod_d2e_norm_op1)
    CL$$btod_div_common                      0x08002db2   Section      824  btod.o(CL$$btod_div_common)
    CL$$btod_e2e                             0x080030ea   Section      198  btod.o(CL$$btod_e2e)
    CL$$btod_ediv                            0x080031b0   Section       40  btod.o(CL$$btod_ediv)
    CL$$btod_emul                            0x080031d8   Section       40  btod.o(CL$$btod_emul)
    CL$$btod_mult_common                     0x08003200   Section      580  btod.o(CL$$btod_mult_common)
    i.__ARM_fpclassify                       0x08003444   Section        0  fpclassify.o(i.__ARM_fpclassify)
    i._is_digit                              0x0800346c   Section        0  __printf_wp.o(i._is_digit)
    i.sqrt                                   0x0800347a   Section        0  sqrt.o(i.sqrt)
    locale$$code                             0x080034c8   Section       44  lc_numeric_c.o(locale$$code)
    x$fpl$dadd                               0x080034f4   Section      336  daddsub_clz.o(x$fpl$dadd)
    _dadd1                                   0x08003505   Thumb Code     0  daddsub_clz.o(x$fpl$dadd)
    x$fpl$dcmpinf                            0x08003644   Section       24  dcmpi.o(x$fpl$dcmpinf)
    x$fpl$ddiv                               0x0800365c   Section      688  ddiv.o(x$fpl$ddiv)
    ddiv_entry                               0x08003663   Thumb Code     0  ddiv.o(x$fpl$ddiv)
    x$fpl$dflt                               0x0800390c   Section       46  dflt_clz.o(x$fpl$dflt)
    x$fpl$dfltu                              0x0800393a   Section       38  dflt_clz.o(x$fpl$dfltu)
    x$fpl$dleqf                              0x08003960   Section      120  dleqf.o(x$fpl$dleqf)
    x$fpl$dmul                               0x080039d8   Section      340  dmul.o(x$fpl$dmul)
    x$fpl$dnaninf                            0x08003b2c   Section      156  dnaninf.o(x$fpl$dnaninf)
    x$fpl$dretinf                            0x08003bc8   Section       12  dretinf.o(x$fpl$dretinf)
    x$fpl$drleqf                             0x08003bd4   Section      108  drleqf.o(x$fpl$drleqf)
    x$fpl$dsqrt                              0x08003c40   Section      460  dsqrt_noumaal.o(x$fpl$dsqrt)
    x$fpl$dsub                               0x08003e0c   Section      468  daddsub_clz.o(x$fpl$dsub)
    _dsub1                                   0x08003e1d   Thumb Code     0  daddsub_clz.o(x$fpl$dsub)
    x$fpl$f2d                                0x08003fe0   Section       86  f2d.o(x$fpl$f2d)
    x$fpl$fflt                               0x08004038   Section       48  fflt_clz.o(x$fpl$fflt)
    x$fpl$fnaninf                            0x08004068   Section      140  fnaninf.o(x$fpl$fnaninf)
    x$fpl$printf1                            0x080040f4   Section        4  printf1.o(x$fpl$printf1)
    .constdata                               0x080040f8   Section       20  system_stm32f10x.o(.constdata)
    x$fpl$usenofp                            0x080040f8   Section        0  usenofp.o(x$fpl$usenofp)
    .constdata                               0x0800410c   Section      148  bigflt0.o(.constdata)
    tenpwrs_x                                0x0800410c   Data          60  bigflt0.o(.constdata)
    tenpwrs_i                                0x08004148   Data          64  bigflt0.o(.constdata)
    locale$$data                             0x080041c0   Section       28  lc_numeric_c.o(locale$$data)
    __lcnum_c_name                           0x080041c4   Data           2  lc_numeric_c.o(locale$$data)
    __lcnum_c_start                          0x080041cc   Data           0  lc_numeric_c.o(locale$$data)
    __lcnum_c_point                          0x080041d8   Data           0  lc_numeric_c.o(locale$$data)
    __lcnum_c_thousands                      0x080041da   Data           0  lc_numeric_c.o(locale$$data)
    __lcnum_c_grouping                       0x080041db   Data           0  lc_numeric_c.o(locale$$data)
    __lcnum_c_end                            0x080041dc   Data           0  lc_numeric_c.o(locale$$data)
    .data                                    0x20000000   Section       23  config.o(.data)
    .data                                    0x20000018   Section      296  e_mon.o(.data)
    .data                                    0x20000140   Section       20  stm32f10x_rcc.o(.data)
    APBAHBPrescTable                         0x20000140   Data          16  stm32f10x_rcc.o(.data)
    ADCPrescTable                            0x20000150   Data           4  stm32f10x_rcc.o(.data)
    .bss                                     0x20000154   Section       20  config.o(.bss)
    .bss                                     0x20000168   Section       96  libspace.o(.bss)
    HEAP                                     0x200001c8   Section        0  startup_stm32f10x_md.o(HEAP)
    STACK                                    0x200001c8   Section      512  startup_stm32f10x_md.o(STACK)
    Heap_Mem                                 0x200001c8   Data           0  startup_stm32f10x_md.o(HEAP)
    Stack_Mem                                0x200001c8   Data         512  startup_stm32f10x_md.o(STACK)
    __initial_sp                             0x200003c8   Data           0  startup_stm32f10x_md.o(STACK)

    Global Symbols

    Symbol Name                              Value     Ov Type        Size  Object(Section)

    BuildAttributes$$THM_ISAv4$P$D$K$B$S$PE$A:L22UL41UL21$X:L11$S22US41US21$IEEE1$IW$USESV6$~STKCKD$USESV7$~SHL$OTIME$ROPI$IEEEJ$EBA8$UX$STANDARDLIB$REQ8$PRES8$EABIv2 0x00000000   Number         0  anon$$obj.o ABSOLUTE
    __ARM_use_no_argv                        0x00000000   Number         0  main.o ABSOLUTE
    _printf_flags                            0x00000000   Number         0  printf_stubs.o ABSOLUTE
    _printf_return_value                     0x00000000   Number         0  printf_stubs.o ABSOLUTE
    _printf_sizespec                         0x00000000   Number         0  printf_stubs.o ABSOLUTE
    _printf_widthprec                        0x00000000   Number         0  printf_stubs.o ABSOLUTE
    __ARM_exceptions_init                     - Undefined Weak Reference
    __alloca_initialize                       - Undefined Weak Reference
    __arm_preinit_                            - Undefined Weak Reference
    __cpp_initialize__aeabi_                  - Undefined Weak Reference
    __cxa_finalize                            - Undefined Weak Reference
    __sigvec_lookup                           - Undefined Weak Reference
    _atexit_init                              - Undefined Weak Reference
    _call_atexit_fns                          - Undefined Weak Reference
    _clock_init                               - Undefined Weak Reference
    _fp_trap_init                             - Undefined Weak Reference
    _fp_trap_shutdown                         - Undefined Weak Reference
    _get_lc_collate                           - Undefined Weak Reference
    _get_lc_ctype                             - Undefined Weak Reference
    _get_lc_monetary                          - Undefined Weak Reference
    _get_lc_time                              - Undefined Weak Reference
    _getenv_init                              - Undefined Weak Reference
    _handle_redirection                       - Undefined Weak Reference
    _init_alloc                               - Undefined Weak Reference
    _init_user_alloc                          - Undefined Weak Reference
    _initio                                   - Undefined Weak Reference
    _rand_init                                - Undefined Weak Reference
    _signal_finish                            - Undefined Weak Reference
    _signal_init                              - Undefined Weak Reference
    _terminate_alloc                          - Undefined Weak Reference
    _terminate_user_alloc                     - Undefined Weak Reference
    _terminateio                              - Undefined Weak Reference
    __Vectors_Size                           0x000000ec   Number         0  startup_stm32f10x_md.o ABSOLUTE
    __Vectors                                0x08000000   Data           4  startup_stm32f10x_md.o(RESET)
    __Vectors_End                            0x080000ec   Data           0  startup_stm32f10x_md.o(RESET)
    __main                                   0x080000ed   Thumb Code     8  __main.o(!!!main)
    __scatterload                            0x080000f5   Thumb Code     0  __scatter.o(!!!scatter)
    __scatterload_rt2                        0x080000f5   Thumb Code    44  __scatter.o(!!!scatter)
    __scatterload_rt2_thumb_only             0x080000f5   Thumb Code     0  __scatter.o(!!!scatter)
    __scatterload_null                       0x08000103   Thumb Code     0  __scatter.o(!!!scatter)
    __decompress                             0x08000129   Thumb Code    90  __dczerorl2.o(!!dczerorl2)
    __decompress1                            0x08000129   Thumb Code     0  __dczerorl2.o(!!dczerorl2)
    __scatterload_zeroinit                   0x08000185   Thumb Code    28  __scatter_zi.o(!!handler_zi)
    _printf_f                                0x080001a1   Thumb Code     0  _printf_f.o(.ARM.Collect$$_printf_percent$$00000003)
    _printf_percent                          0x080001a1   Thumb Code     0  _printf_percent.o(.ARM.Collect$$_printf_percent$$00000000)
    _printf_percent_end                      0x080001a7   Thumb Code     0  _printf_percent_end.o(.ARM.Collect$$_printf_percent$$00000017)
    __rt_lib_init                            0x080001ab   Thumb Code     0  libinit.o(.ARM.Collect$$libinit$$00000000)
    __rt_lib_init_fp_1                       0x080001ad   Thumb Code     0  libinit2.o(.ARM.Collect$$libinit$$00000002)
    __rt_lib_init_heap_1                     0x080001ad   Thumb Code     0  libinit2.o(.ARM.Collect$$libinit$$0000000A)
    __rt_lib_init_lc_common                  0x080001ad   Thumb Code     0  libinit2.o(.ARM.Collect$$libinit$$0000000F)
    __rt_lib_init_preinit_1                  0x080001ad   Thumb Code     0  libinit2.o(.ARM.Collect$$libinit$$00000004)
    __rt_lib_init_rand_1                     0x080001ad   Thumb Code     0  libinit2.o(.ARM.Collect$$libinit$$0000000E)
    __rt_lib_init_user_alloc_1               0x080001ad   Thumb Code     0  libinit2.o(.ARM.Collect$$libinit$$0000000C)
    __rt_lib_init_lc_collate_1               0x080001b3   Thumb Code     0  libinit2.o(.ARM.Collect$$libinit$$00000011)
    __rt_lib_init_lc_ctype_1                 0x080001b3   Thumb Code     0  libinit2.o(.ARM.Collect$$libinit$$00000013)
    __rt_lib_init_lc_monetary_1              0x080001b3   Thumb Code     0  libinit2.o(.ARM.Collect$$libinit$$00000015)
    __rt_lib_init_lc_numeric_2               0x080001b3   Thumb Code     0  libinit2.o(.ARM.Collect$$libinit$$00000016)
    __rt_lib_init_alloca_1                   0x080001bd   Thumb Code     0  libinit2.o(.ARM.Collect$$libinit$$0000002E)
    __rt_lib_init_argv_1                     0x080001bd   Thumb Code     0  libinit2.o(.ARM.Collect$$libinit$$0000002C)
    __rt_lib_init_atexit_1                   0x080001bd   Thumb Code     0  libinit2.o(.ARM.Collect$$libinit$$0000001B)
    __rt_lib_init_clock_1                    0x080001bd   Thumb Code     0  libinit2.o(.ARM.Collect$$libinit$$00000021)
    __rt_lib_init_cpp_1                      0x080001bd   Thumb Code     0  libinit2.o(.ARM.Collect$$libinit$$00000032)
    __rt_lib_init_exceptions_1               0x080001bd   Thumb Code     0  libinit2.o(.ARM.Collect$$libinit$$00000030)
    __rt_lib_init_fp_trap_1                  0x080001bd   Thumb Code     0  libinit2.o(.ARM.Collect$$libinit$$0000001F)
    __rt_lib_init_getenv_1                   0x080001bd   Thumb Code     0  libinit2.o(.ARM.Collect$$libinit$$00000023)
    __rt_lib_init_lc_numeric_1               0x080001bd   Thumb Code     0  libinit2.o(.ARM.Collect$$libinit$$00000017)
    __rt_lib_init_lc_time_1                  0x080001bd   Thumb Code     0  libinit2.o(.ARM.Collect$$libinit$$00000019)
    __rt_lib_init_return                     0x080001bd   Thumb Code     0  libinit2.o(.ARM.Collect$$libinit$$00000033)
    __rt_lib_init_signal_1                   0x080001bd   Thumb Code     0  libinit2.o(.ARM.Collect$$libinit$$0000001D)
    __rt_lib_init_stdio_1                    0x080001bd   Thumb Code     0  libinit2.o(.ARM.Collect$$libinit$$00000025)
    __rt_lib_shutdown                        0x080001bf   Thumb Code     0  libshutdown.o(.ARM.Collect$$libshutdown$$00000000)
    __rt_lib_shutdown_cpp_1                  0x080001c1   Thumb Code     0  libshutdown2.o(.ARM.Collect$$libshutdown$$00000002)
    __rt_lib_shutdown_fp_trap_1              0x080001c1   Thumb Code     0  libshutdown2.o(.ARM.Collect$$libshutdown$$00000007)
    __rt_lib_shutdown_heap_1                 0x080001c1   Thumb Code     0  libshutdown2.o(.ARM.Collect$$libshutdown$$0000000F)
    __rt_lib_shutdown_return                 0x080001c1   Thumb Code     0  libshutdown2.o(.ARM.Collect$$libshutdown$$00000010)
    __rt_lib_shutdown_signal_1               0x080001c1   Thumb Code     0  libshutdown2.o(.ARM.Collect$$libshutdown$$0000000A)
    __rt_lib_shutdown_stdio_1                0x080001c1   Thumb Code     0  libshutdown2.o(.ARM.Collect$$libshutdown$$00000004)
    __rt_lib_shutdown_user_alloc_1           0x080001c1   Thumb Code     0  libshutdown2.o(.ARM.Collect$$libshutdown$$0000000C)
    __rt_entry                               0x080001c3   Thumb Code     0  __rtentry.o(.ARM.Collect$$rtentry$$00000000)
    __rt_entry_presh_1                       0x080001c3   Thumb Code     0  __rtentry2.o(.ARM.Collect$$rtentry$$00000002)
    __rt_entry_sh                            0x080001c3   Thumb Code     0  __rtentry4.o(.ARM.Collect$$rtentry$$00000004)
    __rt_entry_li                            0x080001c9   Thumb Code     0  __rtentry2.o(.ARM.Collect$$rtentry$$0000000A)
    __rt_entry_postsh_1                      0x080001c9   Thumb Code     0  __rtentry2.o(.ARM.Collect$$rtentry$$00000009)
    __rt_entry_main                          0x080001cd   Thumb Code     0  __rtentry2.o(.ARM.Collect$$rtentry$$0000000D)
    __rt_entry_postli_1                      0x080001cd   Thumb Code     0  __rtentry2.o(.ARM.Collect$$rtentry$$0000000C)
    __rt_exit                                0x080001d5   Thumb Code     0  rtexit.o(.ARM.Collect$$rtexit$$00000000)
    __rt_exit_ls                             0x080001d7   Thumb Code     0  rtexit2.o(.ARM.Collect$$rtexit$$00000003)
    __rt_exit_prels_1                        0x080001d7   Thumb Code     0  rtexit2.o(.ARM.Collect$$rtexit$$00000002)
    __rt_exit_exit                           0x080001db   Thumb Code     0  rtexit2.o(.ARM.Collect$$rtexit$$00000004)
    Reset_Handler                            0x080001e1   Thumb Code     4  startup_stm32f10x_md.o(.text)
    ADC1_2_IRQHandler                        0x080001f7   Thumb Code     0  startup_stm32f10x_md.o(.text)
    CAN1_RX1_IRQHandler                      0x080001f7   Thumb Code     0  startup_stm32f10x_md.o(.text)
    CAN1_SCE_IRQHandler                      0x080001f7   Thumb Code     0  startup_stm32f10x_md.o(.text)
    DMA1_Channel1_IRQHandler                 0x080001f7   Thumb Code     0  startup_stm32f10x_md.o(.text)
    DMA1_Channel2_IRQHandler                 0x080001f7   Thumb Code     0  startup_stm32f10x_md.o(.text)
    DMA1_Channel3_IRQHandler                 0x080001f7   Thumb Code     0  startup_stm32f10x_md.o(.text)
    DMA1_Channel4_IRQHandler                 0x080001f7   Thumb Code     0  startup_stm32f10x_md.o(.text)
    DMA1_Channel5_IRQHandler                 0x080001f7   Thumb Code     0  startup_stm32f10x_md.o(.text)
    DMA1_Channel6_IRQHandler                 0x080001f7   Thumb Code     0  startup_stm32f10x_md.o(.text)
    DMA1_Channel7_IRQHandler                 0x080001f7   Thumb Code     0  startup_stm32f10x_md.o(.text)
    EXTI0_IRQHandler                         0x080001f7   Thumb Code     0  startup_stm32f10x_md.o(.text)
    EXTI15_10_IRQHandler                     0x080001f7   Thumb Code     0  startup_stm32f10x_md.o(.text)
    EXTI1_IRQHandler                         0x080001f7   Thumb Code     0  startup_stm32f10x_md.o(.text)
    EXTI2_IRQHandler                         0x080001f7   Thumb Code     0  startup_stm32f10x_md.o(.text)
    EXTI3_IRQHandler                         0x080001f7   Thumb Code     0  startup_stm32f10x_md.o(.text)
    EXTI4_IRQHandler                         0x080001f7   Thumb Code     0  startup_stm32f10x_md.o(.text)
    EXTI9_5_IRQHandler                       0x080001f7   Thumb Code     0  startup_stm32f10x_md.o(.text)
    FLASH_IRQHandler                         0x080001f7   Thumb Code     0  startup_stm32f10x_md.o(.text)
    I2C1_ER_IRQHandler                       0x080001f7   Thumb Code     0  startup_stm32f10x_md.o(.text)
    I2C1_EV_IRQHandler                       0x080001f7   Thumb Code     0  startup_stm32f10x_md.o(.text)
    I2C2_ER_IRQHandler                       0x080001f7   Thumb Code     0  startup_stm32f10x_md.o(.text)
    I2C2_EV_IRQHandler                       0x080001f7   Thumb Code     0  startup_stm32f10x_md.o(.text)
    PVD_IRQHandler                           0x080001f7   Thumb Code     0  startup_stm32f10x_md.o(.text)
    RCC_IRQHandler                           0x080001f7   Thumb Code     0  startup_stm32f10x_md.o(.text)
    RTCAlarm_IRQHandler                      0x080001f7   Thumb Code     0  startup_stm32f10x_md.o(.text)
    RTC_IRQHandler                           0x080001f7   Thumb Code     0  startup_stm32f10x_md.o(.text)
    SPI1_IRQHandler                          0x080001f7   Thumb Code     0  startup_stm32f10x_md.o(.text)
    SPI2_IRQHandler                          0x080001f7   Thumb Code     0  startup_stm32f10x_md.o(.text)
    TAMPER_IRQHandler                        0x080001f7   Thumb Code     0  startup_stm32f10x_md.o(.text)
    TIM1_BRK_IRQHandler                      0x080001f7   Thumb Code     0  startup_stm32f10x_md.o(.text)
    TIM1_CC_IRQHandler                       0x080001f7   Thumb Code     0  startup_stm32f10x_md.o(.text)
    TIM1_TRG_COM_IRQHandler                  0x080001f7   Thumb Code     0  startup_stm32f10x_md.o(.text)
    TIM1_UP_IRQHandler                       0x080001f7   Thumb Code     0  startup_stm32f10x_md.o(.text)
    TIM2_IRQHandler                          0x080001f7   Thumb Code     0  startup_stm32f10x_md.o(.text)
    TIM3_IRQHandler                          0x080001f7   Thumb Code     0  startup_stm32f10x_md.o(.text)
    TIM4_IRQHandler                          0x080001f7   Thumb Code     0  startup_stm32f10x_md.o(.text)
    USART1_IRQHandler                        0x080001f7   Thumb Code     0  startup_stm32f10x_md.o(.text)
    USART2_IRQHandler                        0x080001f7   Thumb Code     0  startup_stm32f10x_md.o(.text)
    USART3_IRQHandler                        0x080001f7   Thumb Code     0  startup_stm32f10x_md.o(.text)
    USBWakeUp_IRQHandler                     0x080001f7   Thumb Code     0  startup_stm32f10x_md.o(.text)
    USB_HP_CAN1_TX_IRQHandler                0x080001f7   Thumb Code     0  startup_stm32f10x_md.o(.text)
    USB_LP_CAN1_RX0_IRQHandler               0x080001f7   Thumb Code     0  startup_stm32f10x_md.o(.text)
    WWDG_IRQHandler                          0x080001f7   Thumb Code     0  startup_stm32f10x_md.o(.text)
    __user_initial_stackheap                 0x080001f9   Thumb Code     0  startup_stm32f10x_md.o(.text)
    Delay                                    0x08000215   Thumb Code    18  main.o(.text)
    Drive_Relay                              0x08000227   Thumb Code    90  main.o(.text)
    SerialPrint                              0x08000281   Thumb Code   274  main.o(.text)
    main                                     0x08000393   Thumb Code   162  main.o(.text)
    NMI_Handler                              0x080004b5   Thumb Code     2  stm32f10x_it.o(.text)
    HardFault_Handler                        0x080004b7   Thumb Code     4  stm32f10x_it.o(.text)
    MemManage_Handler                        0x080004bb   Thumb Code     4  stm32f10x_it.o(.text)
    BusFault_Handler                         0x080004bf   Thumb Code     4  stm32f10x_it.o(.text)
    UsageFault_Handler                       0x080004c3   Thumb Code     4  stm32f10x_it.o(.text)
    SVC_Handler                              0x080004c7   Thumb Code     2  stm32f10x_it.o(.text)
    DebugMon_Handler                         0x080004c9   Thumb Code     2  stm32f10x_it.o(.text)
    PendSV_Handler                           0x080004cb   Thumb Code     2  stm32f10x_it.o(.text)
    SysTick_Handler                          0x080004cd   Thumb Code    30  stm32f10x_it.o(.text)
    USART1_Config                            0x080004f5   Thumb Code   118  usart1.o(.text)
    USART2_Config                            0x0800056b   Thumb Code   116  usart1.o(.text)
    fputc                                    0x080005df   Thumb Code    32  usart1.o(.text)
    USART1_printf                            0x08000661   Thumb Code   262  usart1.o(.text)
    Serial1PutChar                           0x08000767   Thumb Code    28  usart1.o(.text)
    Serial1_PutString                        0x08000783   Thumb Code    22  usart1.o(.text)
    Serial2PutChar                           0x08000799   Thumb Code    28  usart1.o(.text)
    Serial2_PutString                        0x080007b5   Thumb Code    22  usart1.o(.text)
    RCC_Configuration                        0x080007d9   Thumb Code   114  config.o(.text)
    GPIO_Configuration                       0x0800084b   Thumb Code    24  config.o(.text)
    Pin_Init                                 0x080008e7   Thumb Code   126  config.o(.text)
    config                                   0x08000965   Thumb Code    40  config.o(.text)
    DelayuS                                  0x0800098d   Thumb Code    16  config.o(.text)
    lcd_out_data4                            0x0800099d   Thumb Code   126  config.o(.text)
    enable_lcd                               0x08000a1b   Thumb Code    30  config.o(.text)
    lcd_write_byte                           0x08000a39   Thumb Code    28  config.o(.text)
    lcd_write_ascii                          0x08000a55   Thumb Code    22  config.o(.text)
    lcd_write_control                        0x08000a6b   Thumb Code    22  config.o(.text)
    goto_cursor                              0x08000a81   Thumb Code    16  config.o(.text)
    lcd_initialize                           0x08000a91   Thumb Code   250  config.o(.text)
    delay                                    0x08000b8b   Thumb Code    18  config.o(.text)
    lcd_print                                0x08000b9d   Thumb Code    84  config.o(.text)
    lcd_printx                               0x08000bf1   Thumb Code    36  config.o(.text)
    busy_lcd                                 0x08000c15   Thumb Code   136  config.o(.text)
    BCD_CONV                                 0x08000c9d   Thumb Code    48  config.o(.text)
    voltage                                  0x08000cd1   Thumb Code    30  e_mon.o(.text)
    current1                                 0x08000cef   Thumb Code    22  e_mon.o(.text)
    current2                                 0x08000d05   Thumb Code    22  e_mon.o(.text)
    analogRead                               0x08000d1b   Thumb Code    56  e_mon.o(.text)
    calcVI                                   0x08000d53   Thumb Code  1420  e_mon.o(.text)
    calcIrms                                 0x080012df   Thumb Code   250  e_mon.o(.text)
    SystemInit                               0x08001525   Thumb Code    68  system_stm32f10x.o(.text)
    ADC_DeInit                               0x08001579   Thumb Code    90  stm32f10x_adc.o(.text)
    ADC_Init                                 0x080015d3   Thumb Code    70  stm32f10x_adc.o(.text)
    ADC_StructInit                           0x08001619   Thumb Code    18  stm32f10x_adc.o(.text)
    ADC_Cmd                                  0x0800162b   Thumb Code    22  stm32f10x_adc.o(.text)
    ADC_DMACmd                               0x08001641   Thumb Code    22  stm32f10x_adc.o(.text)
    ADC_ITConfig                             0x08001657   Thumb Code    24  stm32f10x_adc.o(.text)
    ADC_ResetCalibration                     0x0800166f   Thumb Code    10  stm32f10x_adc.o(.text)
    ADC_GetResetCalibrationStatus            0x08001679   Thumb Code    20  stm32f10x_adc.o(.text)
    ADC_StartCalibration                     0x0800168d   Thumb Code    10  stm32f10x_adc.o(.text)
    ADC_GetCalibrationStatus                 0x08001697   Thumb Code    20  stm32f10x_adc.o(.text)
    ADC_SoftwareStartConvCmd                 0x080016ab   Thumb Code    22  stm32f10x_adc.o(.text)
    ADC_GetSoftwareStartConvStatus           0x080016c1   Thumb Code    20  stm32f10x_adc.o(.text)
    ADC_DiscModeChannelCountConfig           0x080016d5   Thumb Code    24  stm32f10x_adc.o(.text)
    ADC_DiscModeCmd                          0x080016ed   Thumb Code    22  stm32f10x_adc.o(.text)
    ADC_RegularChannelConfig                 0x08001703   Thumb Code   184  stm32f10x_adc.o(.text)
    ADC_ExternalTrigConvCmd                  0x080017bb   Thumb Code    22  stm32f10x_adc.o(.text)
    ADC_GetConversionValue                   0x080017d1   Thumb Code     8  stm32f10x_adc.o(.text)
    ADC_GetDualModeConversionValue           0x080017d9   Thumb Code     6  stm32f10x_adc.o(.text)
    ADC_AutoInjectedConvCmd                  0x080017df   Thumb Code    22  stm32f10x_adc.o(.text)
    ADC_InjectedDiscModeCmd                  0x080017f5   Thumb Code    22  stm32f10x_adc.o(.text)
    ADC_ExternalTrigInjectedConvConfig       0x0800180b   Thumb Code    16  stm32f10x_adc.o(.text)
    ADC_ExternalTrigInjectedConvCmd          0x0800181b   Thumb Code    22  stm32f10x_adc.o(.text)
    ADC_SoftwareStartInjectedConvCmd         0x08001831   Thumb Code    22  stm32f10x_adc.o(.text)
    ADC_GetSoftwareStartInjectedConvCmdStatus 0x08001847   Thumb Code    20  stm32f10x_adc.o(.text)
    ADC_InjectedChannelConfig                0x0800185b   Thumb Code   130  stm32f10x_adc.o(.text)
    ADC_InjectedSequencerLengthConfig        0x080018dd   Thumb Code    24  stm32f10x_adc.o(.text)
    ADC_SetInjectedOffset                    0x080018f5   Thumb Code     4  stm32f10x_adc.o(.text)
    ADC_GetInjectedConversionValue           0x080018f9   Thumb Code    10  stm32f10x_adc.o(.text)
    ADC_AnalogWatchdogCmd                    0x08001903   Thumb Code    16  stm32f10x_adc.o(.text)
    ADC_AnalogWatchdogThresholdsConfig       0x08001913   Thumb Code     6  stm32f10x_adc.o(.text)
    ADC_AnalogWatchdogSingleChannelConfig    0x08001919   Thumb Code    16  stm32f10x_adc.o(.text)
    ADC_TempSensorVrefintCmd                 0x08001929   Thumb Code    38  stm32f10x_adc.o(.text)
    ADC_GetFlagStatus                        0x0800194f   Thumb Code    38  stm32f10x_adc.o(.text)
    ADC_ClearFlag                            0x08001975   Thumb Code     6  stm32f10x_adc.o(.text)
    ADC_GetITStatus                          0x0800197b   Thumb Code    36  stm32f10x_adc.o(.text)
    ADC_ClearITPendingBit                    0x0800199f   Thumb Code    10  stm32f10x_adc.o(.text)
    GPIO_DeInit                              0x080019a9   Thumb Code   188  stm32f10x_gpio.o(.text)
    GPIO_AFIODeInit                          0x08001a65   Thumb Code    20  stm32f10x_gpio.o(.text)
    GPIO_Init                                0x08001a79   Thumb Code   278  stm32f10x_gpio.o(.text)
    GPIO_StructInit                          0x08001b8f   Thumb Code    16  stm32f10x_gpio.o(.text)
    GPIO_ReadInputDataBit                    0x08001b9f   Thumb Code    18  stm32f10x_gpio.o(.text)
    GPIO_ReadInputData                       0x08001bb1   Thumb Code     8  stm32f10x_gpio.o(.text)
    GPIO_ReadOutputDataBit                   0x08001bb9   Thumb Code    18  stm32f10x_gpio.o(.text)
    GPIO_ReadOutputData                      0x08001bcb   Thumb Code     8  stm32f10x_gpio.o(.text)
    GPIO_SetBits                             0x08001bd3   Thumb Code     4  stm32f10x_gpio.o(.text)
    GPIO_ResetBits                           0x08001bd7   Thumb Code     4  stm32f10x_gpio.o(.text)
    GPIO_WriteBit                            0x08001bdb   Thumb Code    10  stm32f10x_gpio.o(.text)
    GPIO_Write                               0x08001be5   Thumb Code     4  stm32f10x_gpio.o(.text)
    GPIO_PinLockConfig                       0x08001be9   Thumb Code    18  stm32f10x_gpio.o(.text)
    GPIO_EventOutputConfig                   0x08001bfb   Thumb Code    26  stm32f10x_gpio.o(.text)
    GPIO_EventOutputCmd                      0x08001c15   Thumb Code     6  stm32f10x_gpio.o(.text)
    GPIO_PinRemapConfig                      0x08001c1b   Thumb Code   106  stm32f10x_gpio.o(.text)
    GPIO_EXTILineConfig                      0x08001c85   Thumb Code    66  stm32f10x_gpio.o(.text)
    RCC_DeInit                               0x08001cd9   Thumb Code    62  stm32f10x_rcc.o(.text)
    RCC_HSEConfig                            0x08001d17   Thumb Code    70  stm32f10x_rcc.o(.text)
    RCC_GetFlagStatus                        0x08001d5d   Thumb Code    56  stm32f10x_rcc.o(.text)
    RCC_WaitForHSEStartUp                    0x08001d95   Thumb Code    54  stm32f10x_rcc.o(.text)
    RCC_AdjustHSICalibrationValue            0x08001dcb   Thumb Code    20  stm32f10x_rcc.o(.text)
    RCC_HSICmd                               0x08001ddf   Thumb Code     6  stm32f10x_rcc.o(.text)
    RCC_PLLConfig                            0x08001de5   Thumb Code    24  stm32f10x_rcc.o(.text)
    RCC_PLLCmd                               0x08001dfd   Thumb Code     6  stm32f10x_rcc.o(.text)
    RCC_SYSCLKConfig                         0x08001e03   Thumb Code    18  stm32f10x_rcc.o(.text)
    RCC_GetSYSCLKSource                      0x08001e15   Thumb Code    10  stm32f10x_rcc.o(.text)
    RCC_HCLKConfig                           0x08001e1f   Thumb Code    18  stm32f10x_rcc.o(.text)
    RCC_PCLK1Config                          0x08001e31   Thumb Code    18  stm32f10x_rcc.o(.text)
    RCC_PCLK2Config                          0x08001e43   Thumb Code    20  stm32f10x_rcc.o(.text)
    RCC_ITConfig                             0x08001e57   Thumb Code    26  stm32f10x_rcc.o(.text)
    RCC_USBCLKConfig                         0x08001e71   Thumb Code     8  stm32f10x_rcc.o(.text)
    RCC_ADCCLKConfig                         0x08001e79   Thumb Code    18  stm32f10x_rcc.o(.text)
    RCC_LSEConfig                            0x08001e8b   Thumb Code    50  stm32f10x_rcc.o(.text)
    RCC_LSICmd                               0x08001ebd   Thumb Code     6  stm32f10x_rcc.o(.text)
    RCC_RTCCLKConfig                         0x08001ec3   Thumb Code    12  stm32f10x_rcc.o(.text)
    RCC_RTCCLKCmd                            0x08001ecf   Thumb Code     8  stm32f10x_rcc.o(.text)
    RCC_GetClocksFreq                        0x08001ed7   Thumb Code   192  stm32f10x_rcc.o(.text)
    RCC_AHBPeriphClockCmd                    0x08001f97   Thumb Code    26  stm32f10x_rcc.o(.text)
    RCC_APB2PeriphClockCmd                   0x08001fb1   Thumb Code    26  stm32f10x_rcc.o(.text)
    RCC_APB1PeriphClockCmd                   0x08001fcb   Thumb Code    26  stm32f10x_rcc.o(.text)
    RCC_APB2PeriphResetCmd                   0x08001fe5   Thumb Code    26  stm32f10x_rcc.o(.text)
    RCC_APB1PeriphResetCmd                   0x08001fff   Thumb Code    26  stm32f10x_rcc.o(.text)
    RCC_BackupResetCmd                       0x08002019   Thumb Code     8  stm32f10x_rcc.o(.text)
    RCC_ClockSecuritySystemCmd               0x08002021   Thumb Code     6  stm32f10x_rcc.o(.text)
    RCC_MCOConfig                            0x08002027   Thumb Code     6  stm32f10x_rcc.o(.text)
    RCC_ClearFlag                            0x0800202d   Thumb Code    14  stm32f10x_rcc.o(.text)
    RCC_GetITStatus                          0x0800203b   Thumb Code    20  stm32f10x_rcc.o(.text)
    RCC_ClearITPendingBit                    0x0800204f   Thumb Code     6  stm32f10x_rcc.o(.text)
    USART_DeInit                             0x08002079   Thumb Code   146  stm32f10x_usart.o(.text)
    USART_Init                               0x0800210b   Thumb Code   150  stm32f10x_usart.o(.text)
    USART_StructInit                         0x080021a1   Thumb Code    24  stm32f10x_usart.o(.text)
    USART_ClockInit                          0x080021b9   Thumb Code    34  stm32f10x_usart.o(.text)
    USART_ClockStructInit                    0x080021db   Thumb Code    12  stm32f10x_usart.o(.text)
    USART_Cmd                                0x080021e7   Thumb Code    24  stm32f10x_usart.o(.text)
    USART_ITConfig                           0x080021ff   Thumb Code    64  stm32f10x_usart.o(.text)
    USART_DMACmd                             0x0800223f   Thumb Code    18  stm32f10x_usart.o(.text)
    USART_SetAddress                         0x08002251   Thumb Code    18  stm32f10x_usart.o(.text)
    USART_WakeUpConfig                       0x08002263   Thumb Code    18  stm32f10x_usart.o(.text)
    USART_ReceiverWakeUpCmd                  0x08002275   Thumb Code    24  stm32f10x_usart.o(.text)
    USART_LINBreakDetectLengthConfig         0x0800228d   Thumb Code    18  stm32f10x_usart.o(.text)
    USART_LINCmd                             0x0800229f   Thumb Code    24  stm32f10x_usart.o(.text)
    USART_SendData                           0x080022b7   Thumb Code     8  stm32f10x_usart.o(.text)
    USART_ReceiveData                        0x080022bf   Thumb Code    10  stm32f10x_usart.o(.text)
    USART_SendBreak                          0x080022c9   Thumb Code    10  stm32f10x_usart.o(.text)
    USART_SetGuardTime                       0x080022d3   Thumb Code    16  stm32f10x_usart.o(.text)
    USART_SetPrescaler                       0x080022e3   Thumb Code    16  stm32f10x_usart.o(.text)
    USART_SmartCardCmd                       0x080022f3   Thumb Code    24  stm32f10x_usart.o(.text)
    USART_SmartCardNACKCmd                   0x0800230b   Thumb Code    24  stm32f10x_usart.o(.text)
    USART_HalfDuplexCmd                      0x08002323   Thumb Code    24  stm32f10x_usart.o(.text)
    USART_IrDAConfig                         0x0800233b   Thumb Code    18  stm32f10x_usart.o(.text)
    USART_IrDACmd                            0x0800234d   Thumb Code    24  stm32f10x_usart.o(.text)
    USART_GetFlagStatus                      0x08002365   Thumb Code    18  stm32f10x_usart.o(.text)
    USART_ClearFlag                          0x08002377   Thumb Code     6  stm32f10x_usart.o(.text)
    USART_GetITStatus                        0x0800237d   Thumb Code    76  stm32f10x_usart.o(.text)
    USART_ClearITPendingBit                  0x080023c9   Thumb Code    20  stm32f10x_usart.o(.text)
    __2sprintf                               0x080023e9   Thumb Code    38  __2sprintf.o(.text)
    _printf_pre_padding                      0x08002415   Thumb Code    44  _printf_pad.o(.text)
    _printf_post_padding                     0x08002441   Thumb Code    34  _printf_pad.o(.text)
    __printf                                 0x08002463   Thumb Code   270  __printf_wp.o(.text)
    __use_two_region_memory                  0x08002571   Thumb Code     2  heapauxi.o(.text)
    __rt_heap_escrow$2region                 0x08002573   Thumb Code     2  heapauxi.o(.text)
    __rt_heap_expand$2region                 0x08002575   Thumb Code     2  heapauxi.o(.text)
    __read_errno                             0x08002577   Thumb Code    10  _rserrno.o(.text)
    __set_errno                              0x08002581   Thumb Code    12  _rserrno.o(.text)
    __lib_sel_fp_printf                      0x0800258d   Thumb Code     2  _printf_fp_dec.o(.text)
    _printf_fp_dec_real                      0x0800273b   Thumb Code   620  _printf_fp_dec.o(.text)
    _printf_char_common                      0x080029b3   Thumb Code    32  _printf_char_common.o(.text)
    _sputc                                   0x080029d9   Thumb Code    10  _sputc.o(.text)
    __rt_locale                              0x080029e5   Thumb Code     8  rt_locale_intlibspace.o(.text)
    __aeabi_errno_addr                       0x080029ed   Thumb Code     8  rt_errno_addr_intlibspace.o(.text)
    __errno$intlibspace                      0x080029ed   Thumb Code     0  rt_errno_addr_intlibspace.o(.text)
    __rt_errno_addr$intlibspace              0x080029ed   Thumb Code     0  rt_errno_addr_intlibspace.o(.text)
    _ll_udiv10                               0x080029f5   Thumb Code   138  lludiv10.o(.text)
    _printf_fp_infnan                        0x08002a81   Thumb Code   112  _printf_fp_infnan.o(.text)
    _btod_etento                             0x08002b01   Thumb Code   216  bigflt0.o(.text)
    __user_libspace                          0x08002bdd   Thumb Code     8  libspace.o(.text)
    __user_perproc_libspace                  0x08002bdd   Thumb Code     0  libspace.o(.text)
    __user_perthread_libspace                0x08002bdd   Thumb Code     0  libspace.o(.text)
    __user_setup_stackheap                   0x08002be5   Thumb Code    74  sys_stackheap_outer.o(.text)
    exit                                     0x08002c2f   Thumb Code    18  exit.o(.text)
    strcmp                                   0x08002c41   Thumb Code   128  strcmpv7m.o(.text)
    _sys_exit                                0x08002cc1   Thumb Code     8  sys_exit.o(.text)
    __I$use$semihosting                      0x08002ccd   Thumb Code     0  use_no_semi.o(.text)
    __use_no_semihosting_swi                 0x08002ccd   Thumb Code     2  use_no_semi.o(.text)
    __semihosting_library_function           0x08002ccf   Thumb Code     0  indicate_semi.o(.text)
    _btod_d2e                                0x08002ccf   Thumb Code    62  btod.o(CL$$btod_d2e)
    _d2e_denorm_low                          0x08002d0d   Thumb Code    70  btod.o(CL$$btod_d2e_denorm_low)
    _d2e_norm_op1                            0x08002d53   Thumb Code    96  btod.o(CL$$btod_d2e_norm_op1)
    __btod_div_common                        0x08002db3   Thumb Code   696  btod.o(CL$$btod_div_common)
    _e2e                                     0x080030eb   Thumb Code   198  btod.o(CL$$btod_e2e)
    _btod_ediv                               0x080031b1   Thumb Code    40  btod.o(CL$$btod_ediv)
    _btod_emul                               0x080031d9   Thumb Code    40  btod.o(CL$$btod_emul)
    __btod_mult_common                       0x08003201   Thumb Code   580  btod.o(CL$$btod_mult_common)
    __ARM_fpclassify                         0x08003445   Thumb Code    40  fpclassify.o(i.__ARM_fpclassify)
    _is_digit                                0x0800346d   Thumb Code    14  __printf_wp.o(i._is_digit)
    sqrt                                     0x0800347b   Thumb Code    76  sqrt.o(i.sqrt)
    _get_lc_numeric                          0x080034c9   Thumb Code    44  lc_numeric_c.o(locale$$code)
    __aeabi_dadd                             0x080034f5   Thumb Code     0  daddsub_clz.o(x$fpl$dadd)
    _dadd                                    0x080034f5   Thumb Code   332  daddsub_clz.o(x$fpl$dadd)
    __fpl_dcmp_Inf                           0x08003645   Thumb Code    24  dcmpi.o(x$fpl$dcmpinf)
    __aeabi_ddiv                             0x0800365d   Thumb Code     0  ddiv.o(x$fpl$ddiv)
    _ddiv                                    0x0800365d   Thumb Code   552  ddiv.o(x$fpl$ddiv)
    __aeabi_i2d                              0x0800390d   Thumb Code     0  dflt_clz.o(x$fpl$dflt)
    _dflt                                    0x0800390d   Thumb Code    46  dflt_clz.o(x$fpl$dflt)
    __aeabi_ui2d                             0x0800393b   Thumb Code     0  dflt_clz.o(x$fpl$dfltu)
    _dfltu                                   0x0800393b   Thumb Code    38  dflt_clz.o(x$fpl$dfltu)
    __aeabi_cdcmple                          0x08003961   Thumb Code     0  dleqf.o(x$fpl$dleqf)
    _dcmple                                  0x08003961   Thumb Code   120  dleqf.o(x$fpl$dleqf)
    __fpl_dcmple_InfNaN                      0x080039c3   Thumb Code     0  dleqf.o(x$fpl$dleqf)
    __aeabi_dmul                             0x080039d9   Thumb Code     0  dmul.o(x$fpl$dmul)
    _dmul                                    0x080039d9   Thumb Code   332  dmul.o(x$fpl$dmul)
    __fpl_dnaninf                            0x08003b2d   Thumb Code   156  dnaninf.o(x$fpl$dnaninf)
    __fpl_dretinf                            0x08003bc9   Thumb Code    12  dretinf.o(x$fpl$dretinf)
    __aeabi_cdrcmple                         0x08003bd5   Thumb Code     0  drleqf.o(x$fpl$drleqf)
    _drcmple                                 0x08003bd5   Thumb Code   108  drleqf.o(x$fpl$drleqf)
    _dsqrt                                   0x08003c41   Thumb Code   456  dsqrt_noumaal.o(x$fpl$dsqrt)
    __aeabi_dsub                             0x08003e0d   Thumb Code     0  daddsub_clz.o(x$fpl$dsub)
    _dsub                                    0x08003e0d   Thumb Code   464  daddsub_clz.o(x$fpl$dsub)
    __aeabi_f2d                              0x08003fe1   Thumb Code     0  f2d.o(x$fpl$f2d)
    _f2d                                     0x08003fe1   Thumb Code    86  f2d.o(x$fpl$f2d)
    __aeabi_i2f                              0x08004039   Thumb Code     0  fflt_clz.o(x$fpl$fflt)
    _fflt                                    0x08004039   Thumb Code    48  fflt_clz.o(x$fpl$fflt)
    __fpl_fnaninf                            0x08004069   Thumb Code   140  fnaninf.o(x$fpl$fnaninf)
    _printf_fp_dec                           0x080040f5   Thumb Code     4  printf1.o(x$fpl$printf1)
    SystemFrequency                          0x080040f8   Data           4  system_stm32f10x.o(.constdata)
    __I$use$fp                               0x080040f8   Number         0  usenofp.o(x$fpl$usenofp)
    SystemFrequency_SysClk                   0x080040fc   Data           4  system_stm32f10x.o(.constdata)
    SystemFrequency_AHBClk                   0x08004100   Data           4  system_stm32f10x.o(.constdata)
    SystemFrequency_APB1Clk                  0x08004104   Data           4  system_stm32f10x.o(.constdata)
    SystemFrequency_APB2Clk                  0x08004108   Data           4  system_stm32f10x.o(.constdata)
    Region$$Table$$Base                      0x080041a0   Number         0  anon$$obj.o(Region$$Table)
    Region$$Table$$Limit                     0x080041c0   Number         0  anon$$obj.o(Region$$Table)
    PORT                                     0x20000000   Data          16  config.o(.data)
    millis                                   0x20000010   Data           4  config.o(.data)
    Timer1                                   0x20000014   Data           2  config.o(.data)
    Mode                                     0x20000016   Data           1  config.o(.data)
    inPinV                                   0x20000018   Data           1  e_mon.o(.data)
    inPinI1                                  0x20000019   Data           1  e_mon.o(.data)
    inPinI2                                  0x2000001a   Data           1  e_mon.o(.data)
    VCAL                                     0x20000020   Data           8  e_mon.o(.data)
    ICAL1                                    0x20000028   Data           8  e_mon.o(.data)
    ICAL2                                    0x20000030   Data           8  e_mon.o(.data)
    PHASECAL                                 0x20000038   Data           8  e_mon.o(.data)
    sampleV                                  0x20000040   Data           4  e_mon.o(.data)
    sample1I                                 0x20000044   Data           4  e_mon.o(.data)
    sample2I                                 0x20000048   Data           4  e_mon.o(.data)
    lastFilteredV                            0x20000050   Data           8  e_mon.o(.data)
    filteredV                                0x20000058   Data           8  e_mon.o(.data)
    filtered1I                               0x20000060   Data           8  e_mon.o(.data)
    filtered2I                               0x20000068   Data           8  e_mon.o(.data)
    offsetV                                  0x20000070   Data           8  e_mon.o(.data)
    offset1I                                 0x20000078   Data           8  e_mon.o(.data)
    offset2I                                 0x20000080   Data           8  e_mon.o(.data)
    phaseShiftedV                            0x20000088   Data           8  e_mon.o(.data)
    sqV                                      0x20000090   Data           8  e_mon.o(.data)
    sumV                                     0x20000098   Data           8  e_mon.o(.data)
    sq1I                                     0x200000a0   Data           8  e_mon.o(.data)
    sq2I                                     0x200000a8   Data           8  e_mon.o(.data)
    sum1I                                    0x200000b0   Data           8  e_mon.o(.data)
    sum2I                                    0x200000b8   Data           8  e_mon.o(.data)
    inst1P                                   0x200000c0   Data           8  e_mon.o(.data)
    inst2P                                   0x200000c8   Data           8  e_mon.o(.data)
    sum1P                                    0x200000d0   Data           8  e_mon.o(.data)
    sum2P                                    0x200000d8   Data           8  e_mon.o(.data)
    startV                                   0x200000e0   Data           4  e_mon.o(.data)
    lastVCross                               0x200000e4   Data           1  e_mon.o(.data)
    checkVCross                              0x200000e5   Data           1  e_mon.o(.data)
    realPower                                0x200000e8   Data           8  e_mon.o(.data)
    apparentPower                            0x200000f0   Data           8  e_mon.o(.data)
    powerFactor                              0x200000f8   Data           8  e_mon.o(.data)
    Vrms                                     0x20000100   Data           8  e_mon.o(.data)
    I1rms                                    0x20000108   Data           8  e_mon.o(.data)
    I2rms                                    0x20000110   Data           8  e_mon.o(.data)
    Watt1                                    0x20000118   Data           8  e_mon.o(.data)
    Watt2                                    0x20000120   Data           8  e_mon.o(.data)
    rp                                       0x20000128   Data           8  e_mon.o(.data)
    ap                                       0x20000130   Data           8  e_mon.o(.data)
    pf                                       0x20000138   Data           8  e_mon.o(.data)
    RCC_ClockFreq                            0x20000154   Data          20  config.o(.bss)
    __libspace_start                         0x20000168   Data          96  libspace.o(.bss)
    __temporary_stack_top$libspace           0x200001c8   Data           0  libspace.o(.bss)



==============================================================================

Memory Map of the image

  Image Entry point : 0x080000ed

  Load Region LR_IROM1 (Base: 0x08000000, Size: 0x00004330, Max: 0x00010000, ABSOLUTE, COMPRESSED[0x000041f8])

    Execution Region ER_IROM1 (Base: 0x08000000, Size: 0x000041dc, Max: 0x00010000, ABSOLUTE)

    Base Addr    Size         Type   Attr      Idx    E Section Name        Object

    0x08000000   0x000000ec   Data   RO            3    RESET               startup_stm32f10x_md.o
    0x080000ec   0x00000008   Code   RO          343  * !!!main             c_w.l(__main.o)
    0x080000f4   0x00000034   Code   RO          612    !!!scatter          c_w.l(__scatter.o)
    0x08000128   0x0000005a   Code   RO          610    !!dczerorl2         c_w.l(__dczerorl2.o)
    0x08000182   0x00000002   PAD
    0x08000184   0x0000001c   Code   RO          614    !!handler_zi        c_w.l(__scatter_zi.o)
    0x080001a0   0x00000000   Code   RO          340    .ARM.Collect$$_printf_percent$$00000000  c_w.l(_printf_percent.o)
    0x080001a0   0x00000006   Code   RO          339    .ARM.Collect$$_printf_percent$$00000003  c_w.l(_printf_f.o)
    0x080001a6   0x00000004   Code   RO          394    .ARM.Collect$$_printf_percent$$00000017  c_w.l(_printf_percent_end.o)
    0x080001aa   0x00000002   Code   RO          483    .ARM.Collect$$libinit$$00000000  c_w.l(libinit.o)
    0x080001ac   0x00000000   Code   RO          485    .ARM.Collect$$libinit$$00000002  c_w.l(libinit2.o)
    0x080001ac   0x00000000   Code   RO          487    .ARM.Collect$$libinit$$00000004  c_w.l(libinit2.o)
    0x080001ac   0x00000000   Code   RO          490    .ARM.Collect$$libinit$$0000000A  c_w.l(libinit2.o)
    0x080001ac   0x00000000   Code   RO          492    .ARM.Collect$$libinit$$0000000C  c_w.l(libinit2.o)
    0x080001ac   0x00000000   Code   RO          494    .ARM.Collect$$libinit$$0000000E  c_w.l(libinit2.o)
    0x080001ac   0x00000006   Code   RO          495    .ARM.Collect$$libinit$$0000000F  c_w.l(libinit2.o)
    0x080001b2   0x00000000   Code   RO          497    .ARM.Collect$$libinit$$00000011  c_w.l(libinit2.o)
    0x080001b2   0x00000000   Code   RO          499    .ARM.Collect$$libinit$$00000013  c_w.l(libinit2.o)
    0x080001b2   0x00000000   Code   RO          501    .ARM.Collect$$libinit$$00000015  c_w.l(libinit2.o)
    0x080001b2   0x0000000a   Code   RO          502    .ARM.Collect$$libinit$$00000016  c_w.l(libinit2.o)
    0x080001bc   0x00000000   Code   RO          503    .ARM.Collect$$libinit$$00000017  c_w.l(libinit2.o)
    0x080001bc   0x00000000   Code   RO          505    .ARM.Collect$$libinit$$00000019  c_w.l(libinit2.o)
    0x080001bc   0x00000000   Code   RO          507    .ARM.Collect$$libinit$$0000001B  c_w.l(libinit2.o)
    0x080001bc   0x00000000   Code   RO          509    .ARM.Collect$$libinit$$0000001D  c_w.l(libinit2.o)
    0x080001bc   0x00000000   Code   RO          511    .ARM.Collect$$libinit$$0000001F  c_w.l(libinit2.o)
    0x080001bc   0x00000000   Code   RO          513    .ARM.Collect$$libinit$$00000021  c_w.l(libinit2.o)
    0x080001bc   0x00000000   Code   RO          515    .ARM.Collect$$libinit$$00000023  c_w.l(libinit2.o)
    0x080001bc   0x00000000   Code   RO          517    .ARM.Collect$$libinit$$00000025  c_w.l(libinit2.o)
    0x080001bc   0x00000000   Code   RO          521    .ARM.Collect$$libinit$$0000002C  c_w.l(libinit2.o)
    0x080001bc   0x00000000   Code   RO          523    .ARM.Collect$$libinit$$0000002E  c_w.l(libinit2.o)
    0x080001bc   0x00000000   Code   RO          525    .ARM.Collect$$libinit$$00000030  c_w.l(libinit2.o)
    0x080001bc   0x00000000   Code   RO          527    .ARM.Collect$$libinit$$00000032  c_w.l(libinit2.o)
    0x080001bc   0x00000002   Code   RO          528    .ARM.Collect$$libinit$$00000033  c_w.l(libinit2.o)
    0x080001be   0x00000002   Code   RO          558    .ARM.Collect$$libshutdown$$00000000  c_w.l(libshutdown.o)
    0x080001c0   0x00000000   Code   RO          569    .ARM.Collect$$libshutdown$$00000002  c_w.l(libshutdown2.o)
    0x080001c0   0x00000000   Code   RO          571    .ARM.Collect$$libshutdown$$00000004  c_w.l(libshutdown2.o)
    0x080001c0   0x00000000   Code   RO          574    .ARM.Collect$$libshutdown$$00000007  c_w.l(libshutdown2.o)
    0x080001c0   0x00000000   Code   RO          577    .ARM.Collect$$libshutdown$$0000000A  c_w.l(libshutdown2.o)
    0x080001c0   0x00000000   Code   RO          579    .ARM.Collect$$libshutdown$$0000000C  c_w.l(libshutdown2.o)
    0x080001c0   0x00000000   Code   RO          582    .ARM.Collect$$libshutdown$$0000000F  c_w.l(libshutdown2.o)
    0x080001c0   0x00000002   Code   RO          583    .ARM.Collect$$libshutdown$$00000010  c_w.l(libshutdown2.o)
    0x080001c2   0x00000000   Code   RO          385    .ARM.Collect$$rtentry$$00000000  c_w.l(__rtentry.o)
    0x080001c2   0x00000000   Code   RO          407    .ARM.Collect$$rtentry$$00000002  c_w.l(__rtentry2.o)
    0x080001c2   0x00000006   Code   RO          419    .ARM.Collect$$rtentry$$00000004  c_w.l(__rtentry4.o)
    0x080001c8   0x00000000   Code   RO          409    .ARM.Collect$$rtentry$$00000009  c_w.l(__rtentry2.o)
    0x080001c8   0x00000004   Code   RO          410    .ARM.Collect$$rtentry$$0000000A  c_w.l(__rtentry2.o)
    0x080001cc   0x00000000   Code   RO          412    .ARM.Collect$$rtentry$$0000000C  c_w.l(__rtentry2.o)
    0x080001cc   0x00000008   Code   RO          413    .ARM.Collect$$rtentry$$0000000D  c_w.l(__rtentry2.o)
    0x080001d4   0x00000002   Code   RO          529    .ARM.Collect$$rtexit$$00000000  c_w.l(rtexit.o)
    0x080001d6   0x00000000   Code   RO          536    .ARM.Collect$$rtexit$$00000002  c_w.l(rtexit2.o)
    0x080001d6   0x00000004   Code   RO          537    .ARM.Collect$$rtexit$$00000003  c_w.l(rtexit2.o)
    0x080001da   0x00000006   Code   RO          538    .ARM.Collect$$rtexit$$00000004  c_w.l(rtexit2.o)
    0x080001e0   0x00000034   Code   RO            4    .text               startup_stm32f10x_md.o
    0x08000214   0x000002a0   Code   RO           10    .text               main.o
    0x080004b4   0x00000040   Code   RO           88    .text               stm32f10x_it.o
    0x080004f4   0x000002e4   Code   RO          107    .text               usart1.o
    0x080007d8   0x000004f8   Code   RO          126    .text               config.o
    0x08000cd0   0x00000770   Code   RO          155    .text               e_mon.o
    0x08001440   0x00000138   Code   RO          184    .text               system_stm32f10x.o
    0x08001578   0x00000430   Code   RO          214    .text               stm32f10x_adc.o
    0x080019a8   0x00000330   Code   RO          241    .text               stm32f10x_gpio.o
    0x08001cd8   0x000003a0   Code   RO          268    .text               stm32f10x_rcc.o
    0x08002078   0x00000370   Code   RO          297    .text               stm32f10x_usart.o
    0x080023e8   0x0000002c   Code   RO          311    .text               c_w.l(__2sprintf.o)
    0x08002414   0x0000004e   Code   RO          317    .text               c_w.l(_printf_pad.o)
    0x08002462   0x0000010e   Code   RO          327    .text               c_w.l(__printf_wp.o)
    0x08002570   0x00000006   Code   RO          341    .text               c_w.l(heapauxi.o)
    0x08002576   0x00000016   Code   RO          386    .text               c_w.l(_rserrno.o)
    0x0800258c   0x0000041a   Code   RO          388    .text               c_w.l(_printf_fp_dec.o)
    0x080029a6   0x00000002   PAD
    0x080029a8   0x00000030   Code   RO          390    .text               c_w.l(_printf_char_common.o)
    0x080029d8   0x0000000a   Code   RO          392    .text               c_w.l(_sputc.o)
    0x080029e2   0x00000002   PAD
    0x080029e4   0x00000008   Code   RO          424    .text               c_w.l(rt_locale_intlibspace.o)
    0x080029ec   0x00000008   Code   RO          429    .text               c_w.l(rt_errno_addr_intlibspace.o)
    0x080029f4   0x0000008a   Code   RO          431    .text               c_w.l(lludiv10.o)
    0x08002a7e   0x00000002   PAD
    0x08002a80   0x00000080   Code   RO          433    .text               c_w.l(_printf_fp_infnan.o)
    0x08002b00   0x000000dc   Code   RO          437    .text               c_w.l(bigflt0.o)
    0x08002bdc   0x00000008   Code   RO          469    .text               c_w.l(libspace.o)
    0x08002be4   0x0000004a   Code   RO          472    .text               c_w.l(sys_stackheap_outer.o)
    0x08002c2e   0x00000012   Code   RO          474    .text               c_w.l(exit.o)
    0x08002c40   0x00000080   Code   RO          476    .text               c_w.l(strcmpv7m.o)
    0x08002cc0   0x0000000c   Code   RO          548    .text               c_w.l(sys_exit.o)
    0x08002ccc   0x00000002   Code   RO          559    .text               c_w.l(use_no_semi.o)
    0x08002cce   0x00000000   Code   RO          561    .text               c_w.l(indicate_semi.o)
    0x08002cce   0x0000003e   Code   RO          440    CL$$btod_d2e        c_w.l(btod.o)
    0x08002d0c   0x00000046   Code   RO          442    CL$$btod_d2e_denorm_low  c_w.l(btod.o)
    0x08002d52   0x00000060   Code   RO          441    CL$$btod_d2e_norm_op1  c_w.l(btod.o)
    0x08002db2   0x00000338   Code   RO          450    CL$$btod_div_common  c_w.l(btod.o)
    0x080030ea   0x000000c6   Code   RO          447    CL$$btod_e2e        c_w.l(btod.o)
    0x080031b0   0x00000028   Code   RO          444    CL$$btod_ediv       c_w.l(btod.o)
    0x080031d8   0x00000028   Code   RO          443    CL$$btod_emul       c_w.l(btod.o)
    0x08003200   0x00000244   Code   RO          449    CL$$btod_mult_common  c_w.l(btod.o)
    0x08003444   0x00000028   Code   RO          467    i.__ARM_fpclassify  m_ws.l(fpclassify.o)
    0x0800346c   0x0000000e   Code   RO          329    i._is_digit         c_w.l(__printf_wp.o)
    0x0800347a   0x0000004c   Code   RO          378    i.sqrt              m_ws.l(sqrt.o)
    0x080034c6   0x00000002   PAD
    0x080034c8   0x0000002c   Code   RO          463    locale$$code        c_w.l(lc_numeric_c.o)
    0x080034f4   0x00000150   Code   RO          345    x$fpl$dadd          fz_ws.l(daddsub_clz.o)
    0x08003644   0x00000018   Code   RO          395    x$fpl$dcmpinf       fz_ws.l(dcmpi.o)
    0x0800365c   0x000002b0   Code   RO          352    x$fpl$ddiv          fz_ws.l(ddiv.o)
    0x0800390c   0x0000002e   Code   RO          356    x$fpl$dflt          fz_ws.l(dflt_clz.o)
    0x0800393a   0x00000026   Code   RO          355    x$fpl$dfltu         fz_ws.l(dflt_clz.o)
    0x08003960   0x00000078   Code   RO          361    x$fpl$dleqf         fz_ws.l(dleqf.o)
    0x080039d8   0x00000154   Code   RO          363    x$fpl$dmul          fz_ws.l(dmul.o)
    0x08003b2c   0x0000009c   Code   RO          397    x$fpl$dnaninf       fz_ws.l(dnaninf.o)
    0x08003bc8   0x0000000c   Code   RO          399    x$fpl$dretinf       fz_ws.l(dretinf.o)
    0x08003bd4   0x0000006c   Code   RO          365    x$fpl$drleqf        fz_ws.l(drleqf.o)
    0x08003c40   0x000001cc   Code   RO          401    x$fpl$dsqrt         fz_ws.l(dsqrt_noumaal.o)
    0x08003e0c   0x000001d4   Code   RO          347    x$fpl$dsub          fz_ws.l(daddsub_clz.o)
    0x08003fe0   0x00000056   Code   RO          367    x$fpl$f2d           fz_ws.l(f2d.o)
    0x08004036   0x00000002   PAD
    0x08004038   0x00000030   Code   RO          370    x$fpl$fflt          fz_ws.l(fflt_clz.o)
    0x08004068   0x0000008c   Code   RO          403    x$fpl$fnaninf       fz_ws.l(fnaninf.o)
    0x080040f4   0x00000004   Code   RO          375    x$fpl$printf1       fz_ws.l(printf1.o)
    0x080040f8   0x00000000   Code   RO          405    x$fpl$usenofp       fz_ws.l(usenofp.o)
    0x080040f8   0x00000014   Data   RO          185    .constdata          system_stm32f10x.o
    0x0800410c   0x00000094   Data   RO          438    .constdata          c_w.l(bigflt0.o)
    0x080041a0   0x00000020   Data   RO          608    Region$$Table       anon$$obj.o
    0x080041c0   0x0000001c   Data   RO          462    locale$$data        c_w.l(lc_numeric_c.o)


    Execution Region RW_IRAM1 (Base: 0x20000000, Size: 0x000003c8, Max: 0x00005000, ABSOLUTE, COMPRESSED[0x0000001c])

    Base Addr    Size         Type   Attr      Idx    E Section Name        Object

    0x20000000   0x00000017   Data   RW          129    .data               config.o
    0x20000017   0x00000001   PAD
    0x20000018   0x00000128   Data   RW          156    .data               e_mon.o
    0x20000140   0x00000014   Data   RW          269    .data               stm32f10x_rcc.o
    0x20000154   0x00000014   Zero   RW          127    .bss                config.o
    0x20000168   0x00000060   Zero   RW          470    .bss                c_w.l(libspace.o)
    0x200001c8   0x00000000   Zero   RW            2    HEAP                startup_stm32f10x_md.o
    0x200001c8   0x00000200   Zero   RW            1    STACK               startup_stm32f10x_md.o


==============================================================================

Image component sizes


      Code (inc. data)   RO Data    RW Data    ZI Data      Debug   Object Name

      1272         52          0         23         20       9429   config.o
      1904        276          0        296          0       3799   e_mon.o
       672        128          0          0          0     234685   main.o
        52         18        236          0        512        860   startup_stm32f10x_md.o
      1072         20          0          0          0      10909   stm32f10x_adc.o
       816         18          0          0          0       5215   stm32f10x_gpio.o
        64         10          0          0          0       1286   stm32f10x_it.o
       928         36          0         20          0       8864   stm32f10x_rcc.o
       880         12          0          0          0       7851   stm32f10x_usart.o
       312         16         20          0          0     208629   system_stm32f10x.o
       740         14          0          0          0       5008   usart1.o

    ----------------------------------------------------------------------
      8712        600        288        340        532     496535   Object Totals
         0          0         32          0          0          0   (incl. Generated)
         0          0          0          1          0          0   (incl. Padding)

    ----------------------------------------------------------------------

      Code (inc. data)   RO Data    RW Data    ZI Data      Debug   Library Member Name

        44          6          0          0          0         84   __2sprintf.o
        90          0          0          0          0          0   __dczerorl2.o
         8          0          0          0          0         68   __main.o
       284          0          0          0          0        156   __printf_wp.o
         0          0          0          0          0          0   __rtentry.o
        12          0          0          0          0          0   __rtentry2.o
         6          0          0          0          0          0   __rtentry4.o
        52          8          0          0          0          0   __scatter.o
        28          0          0          0          0          0   __scatter_zi.o
        48          6          0          0          0         96   _printf_char_common.o
         6          0          0          0          0          0   _printf_f.o
      1050          0          0          0          0        216   _printf_fp_dec.o
       128         16          0          0          0         84   _printf_fp_infnan.o
        78          0          0          0          0        108   _printf_pad.o
         0          0          0          0          0          0   _printf_percent.o
         4          0          0          0          0          0   _printf_percent_end.o
        22          0          0          0          0        100   _rserrno.o
        10          0          0          0          0         68   _sputc.o
       220          4        148          0          0         96   bigflt0.o
      1910        128          0          0          0        672   btod.o
        18          0          0          0          0         80   exit.o
         6          0          0          0          0        152   heapauxi.o
         0          0          0          0          0          0   indicate_semi.o
        44         10         28          0          0         76   lc_numeric_c.o
         2          0          0          0          0          0   libinit.o
        18          0          0          0          0          0   libinit2.o
         2          0          0          0          0          0   libshutdown.o
         2          0          0          0          0          0   libshutdown2.o
         8          4          0          0         96         68   libspace.o
       138          0          0          0          0         80   lludiv10.o
         8          4          0          0          0         68   rt_errno_addr_intlibspace.o
         8          4          0          0          0         68   rt_locale_intlibspace.o
         2          0          0          0          0          0   rtexit.o
        10          0          0          0          0          0   rtexit2.o
       128          0          0          0          0         68   strcmpv7m.o
        12          4          0          0          0         68   sys_exit.o
        74          0          0          0          0         80   sys_stackheap_outer.o
         2          0          0          0          0         68   use_no_semi.o
       804         16          0          0          0        272   daddsub_clz.o
        24          0          0          0          0         68   dcmpi.o
       688        140          0          0          0        208   ddiv.o
        84          0          0          0          0        136   dflt_clz.o
       120          4          0          0          0         92   dleqf.o
       340         12          0          0          0        104   dmul.o
       156          4          0          0          0         92   dnaninf.o
        12          0          0          0          0         68   dretinf.o
       108          0          0          0          0         80   drleqf.o
       460         56          0          0          0        120   dsqrt_noumaal.o
        86          4          0          0          0         84   f2d.o
        48          0          0          0          0         68   fflt_clz.o
       140          4          0          0          0         84   fnaninf.o
         4          0          0          0          0         68   printf1.o
         0          0          0          0          0          0   usenofp.o
        40          0          0          0          0         68   fpclassify.o
        76          0          0          0          0         84   sqrt.o

    ----------------------------------------------------------------------
      7684        434        176          0         96       4320   Library Totals
        12          0          0          0          0          0   (incl. Padding)

    ----------------------------------------------------------------------

      Code (inc. data)   RO Data    RW Data    ZI Data      Debug   Library Name

      4482        194        176          0         96       2624   c_w.l
      3074        240          0          0          0       1544   fz_ws.l
       116          0          0          0          0        152   m_ws.l

    ----------------------------------------------------------------------
      7684        434        176          0         96       4320   Library Totals

    ----------------------------------------------------------------------

==============================================================================


      Code (inc. data)   RO Data    RW Data    ZI Data      Debug   

     16396       1034        464        340        628     497627   Grand Totals
     16396       1034        464         28        628     497627   ELF Image Totals (compressed)
     16396       1034        464         28          0          0   ROM Totals

==============================================================================

    Total RO  Size (Code + RO Data)                16860 (  16.46kB)
    Total RW  Size (RW Data + ZI Data)               968 (   0.95kB)
    Total ROM Size (Code + RO Data + RW Data)      16888 (  16.49kB)

==============================================================================

